<?xml version="1.0" encoding="ISO-8859-1" ?>
<link_info>
   <banner>TI ARM Linker Unix v20.2.7.LTS</banner>
   <copyright>Copyright (c) 1996-2018 Texas Instruments Incorporated</copyright>
   <link_time>0x6744d00f</link_time>
   <link_errors>0x0</link_errors>
   <output_file>lab6_1.out</output_file>
   <entry_point>
      <name>_c_int00_noargs</name>
      <address>0x334d</address>
   </entry_point>
   <input_file_list>
      <input_file id="fl-1">
         <path>./</path>
         <kind>object</kind>
         <file>clock.obj</file>
         <name>clock.obj</name>
      </input_file>
      <input_file id="fl-2">
         <path>./</path>
         <kind>object</kind>
         <file>gpio.obj</file>
         <name>gpio.obj</name>
      </input_file>
      <input_file id="fl-3">
         <path>./</path>
         <kind>object</kind>
         <file>main.obj</file>
         <name>main.obj</name>
      </input_file>
      <input_file id="fl-4">
         <path>./</path>
         <kind>object</kind>
         <file>tm4c123gh6pm_startup_ccs.obj</file>
         <name>tm4c123gh6pm_startup_ccs.obj</name>
      </input_file>
      <input_file id="fl-5">
         <path>./</path>
         <kind>object</kind>
         <file>uart0.obj</file>
         <name>uart0.obj</name>
      </input_file>
      <input_file id="fl-6">
         <path>./</path>
         <kind>object</kind>
         <file>wait.obj</file>
         <name>wait.obj</name>
      </input_file>
      <input_file id="fl-a">
         <kind>object</kind>
         <file>&lt;internal&gt;</file>
         <name>&lt;internal&gt;</name>
      </input_file>
      <input_file id="fl-c0">
         <path>/Applications/ti/ccs1280/ccs/tools/compiler/ti-cgt-arm_20.2.7.LTS/lib/</path>
         <kind>archive</kind>
         <file>rtsv7M4_T_le_v4SPD16_eabi.lib</file>
         <name>printf.c.obj</name>
      </input_file>
      <input_file id="fl-c1">
         <path>/Applications/ti/ccs1280/ccs/tools/compiler/ti-cgt-arm_20.2.7.LTS/lib/</path>
         <kind>archive</kind>
         <file>rtsv7M4_T_le_v4SPD16_eabi.lib</file>
         <name>_printfi.c.obj</name>
      </input_file>
      <input_file id="fl-c2">
         <path>/Applications/ti/ccs1280/ccs/tools/compiler/ti-cgt-arm_20.2.7.LTS/lib/</path>
         <kind>archive</kind>
         <file>rtsv7M4_T_le_v4SPD16_eabi.lib</file>
         <name>snprintf.c.obj</name>
      </input_file>
      <input_file id="fl-c3">
         <path>/Applications/ti/ccs1280/ccs/tools/compiler/ti-cgt-arm_20.2.7.LTS/lib/</path>
         <kind>archive</kind>
         <file>rtsv7M4_T_le_v4SPD16_eabi.lib</file>
         <name>fputc.c.obj</name>
      </input_file>
      <input_file id="fl-c4">
         <path>/Applications/ti/ccs1280/ccs/tools/compiler/ti-cgt-arm_20.2.7.LTS/lib/</path>
         <kind>archive</kind>
         <file>rtsv7M4_T_le_v4SPD16_eabi.lib</file>
         <name>fputs.c.obj</name>
      </input_file>
      <input_file id="fl-c5">
         <path>/Applications/ti/ccs1280/ccs/tools/compiler/ti-cgt-arm_20.2.7.LTS/lib/</path>
         <kind>archive</kind>
         <file>rtsv7M4_T_le_v4SPD16_eabi.lib</file>
         <name>_io_perm.c.obj</name>
      </input_file>
      <input_file id="fl-c6">
         <path>/Applications/ti/ccs1280/ccs/tools/compiler/ti-cgt-arm_20.2.7.LTS/lib/</path>
         <kind>archive</kind>
         <file>rtsv7M4_T_le_v4SPD16_eabi.lib</file>
         <name>setvbuf.c.obj</name>
      </input_file>
      <input_file id="fl-c7">
         <path>/Applications/ti/ccs1280/ccs/tools/compiler/ti-cgt-arm_20.2.7.LTS/lib/</path>
         <kind>archive</kind>
         <file>rtsv7M4_T_le_v4SPD16_eabi.lib</file>
         <name>fd_add_t2.asm.obj</name>
      </input_file>
      <input_file id="fl-c8">
         <path>/Applications/ti/ccs1280/ccs/tools/compiler/ti-cgt-arm_20.2.7.LTS/lib/</path>
         <kind>archive</kind>
         <file>rtsv7M4_T_le_v4SPD16_eabi.lib</file>
         <name>fd_cmp_t2.asm.obj</name>
      </input_file>
      <input_file id="fl-c9">
         <path>/Applications/ti/ccs1280/ccs/tools/compiler/ti-cgt-arm_20.2.7.LTS/lib/</path>
         <kind>archive</kind>
         <file>rtsv7M4_T_le_v4SPD16_eabi.lib</file>
         <name>fd_div_t2.asm.obj</name>
      </input_file>
      <input_file id="fl-ca">
         <path>/Applications/ti/ccs1280/ccs/tools/compiler/ti-cgt-arm_20.2.7.LTS/lib/</path>
         <kind>archive</kind>
         <file>rtsv7M4_T_le_v4SPD16_eabi.lib</file>
         <name>fd_mul_t2.asm.obj</name>
      </input_file>
      <input_file id="fl-cb">
         <path>/Applications/ti/ccs1280/ccs/tools/compiler/ti-cgt-arm_20.2.7.LTS/lib/</path>
         <kind>archive</kind>
         <file>rtsv7M4_T_le_v4SPD16_eabi.lib</file>
         <name>fd_toi_t2.asm.obj</name>
      </input_file>
      <input_file id="fl-cc">
         <path>/Applications/ti/ccs1280/ccs/tools/compiler/ti-cgt-arm_20.2.7.LTS/lib/</path>
         <kind>archive</kind>
         <file>rtsv7M4_T_le_v4SPD16_eabi.lib</file>
         <name>fd_tos_t2.asm.obj</name>
      </input_file>
      <input_file id="fl-cd">
         <path>/Applications/ti/ccs1280/ccs/tools/compiler/ti-cgt-arm_20.2.7.LTS/lib/</path>
         <kind>archive</kind>
         <file>rtsv7M4_T_le_v4SPD16_eabi.lib</file>
         <name>fs_tod_t2.asm.obj</name>
      </input_file>
      <input_file id="fl-ce">
         <path>/Applications/ti/ccs1280/ccs/tools/compiler/ti-cgt-arm_20.2.7.LTS/lib/</path>
         <kind>archive</kind>
         <file>rtsv7M4_T_le_v4SPD16_eabi.lib</file>
         <name>i_tofd_t2.asm.obj</name>
      </input_file>
      <input_file id="fl-cf">
         <path>/Applications/ti/ccs1280/ccs/tools/compiler/ti-cgt-arm_20.2.7.LTS/lib/</path>
         <kind>archive</kind>
         <file>rtsv7M4_T_le_v4SPD16_eabi.lib</file>
         <name>memcpy_t2.asm.obj</name>
      </input_file>
      <input_file id="fl-d0">
         <path>/Applications/ti/ccs1280/ccs/tools/compiler/ti-cgt-arm_20.2.7.LTS/lib/</path>
         <kind>archive</kind>
         <file>rtsv7M4_T_le_v4SPD16_eabi.lib</file>
         <name>memset_t2.asm.obj</name>
      </input_file>
      <input_file id="fl-d1">
         <path>/Applications/ti/ccs1280/ccs/tools/compiler/ti-cgt-arm_20.2.7.LTS/lib/</path>
         <kind>archive</kind>
         <file>rtsv7M4_T_le_v4SPD16_eabi.lib</file>
         <name>ull_div_t2.asm.obj</name>
      </input_file>
      <input_file id="fl-d2">
         <path>/Applications/ti/ccs1280/ccs/tools/compiler/ti-cgt-arm_20.2.7.LTS/lib/</path>
         <kind>archive</kind>
         <file>rtsv7M4_T_le_v4SPD16_eabi.lib</file>
         <name>copy_zero_init.c.obj</name>
      </input_file>
      <input_file id="fl-d3">
         <path>/Applications/ti/ccs1280/ccs/tools/compiler/ti-cgt-arm_20.2.7.LTS/lib/</path>
         <kind>archive</kind>
         <file>rtsv7M4_T_le_v4SPD16_eabi.lib</file>
         <name>copy_decompress_none.c.obj</name>
      </input_file>
      <input_file id="fl-d4">
         <path>/Applications/ti/ccs1280/ccs/tools/compiler/ti-cgt-arm_20.2.7.LTS/lib/</path>
         <kind>archive</kind>
         <file>rtsv7M4_T_le_v4SPD16_eabi.lib</file>
         <name>copy_decompress_lzss.c.obj</name>
      </input_file>
      <input_file id="fl-d5">
         <path>/Applications/ti/ccs1280/ccs/tools/compiler/ti-cgt-arm_20.2.7.LTS/lib/</path>
         <kind>archive</kind>
         <file>rtsv7M4_T_le_v4SPD16_eabi.lib</file>
         <name>exit.c.obj</name>
      </input_file>
      <input_file id="fl-d6">
         <path>/Applications/ti/ccs1280/ccs/tools/compiler/ti-cgt-arm_20.2.7.LTS/lib/</path>
         <kind>archive</kind>
         <file>rtsv7M4_T_le_v4SPD16_eabi.lib</file>
         <name>_lock.c.obj</name>
      </input_file>
      <input_file id="fl-d7">
         <path>/Applications/ti/ccs1280/ccs/tools/compiler/ti-cgt-arm_20.2.7.LTS/lib/</path>
         <kind>archive</kind>
         <file>rtsv7M4_T_le_v4SPD16_eabi.lib</file>
         <name>_ltoa.c.obj</name>
      </input_file>
      <input_file id="fl-d8">
         <path>/Applications/ti/ccs1280/ccs/tools/compiler/ti-cgt-arm_20.2.7.LTS/lib/</path>
         <kind>archive</kind>
         <file>rtsv7M4_T_le_v4SPD16_eabi.lib</file>
         <name>atoi.c.obj</name>
      </input_file>
      <input_file id="fl-d9">
         <path>/Applications/ti/ccs1280/ccs/tools/compiler/ti-cgt-arm_20.2.7.LTS/lib/</path>
         <kind>archive</kind>
         <file>rtsv7M4_T_le_v4SPD16_eabi.lib</file>
         <name>ctype.c.obj</name>
      </input_file>
      <input_file id="fl-da">
         <path>/Applications/ti/ccs1280/ccs/tools/compiler/ti-cgt-arm_20.2.7.LTS/lib/</path>
         <kind>archive</kind>
         <file>rtsv7M4_T_le_v4SPD16_eabi.lib</file>
         <name>defs.c.obj</name>
      </input_file>
      <input_file id="fl-db">
         <path>/Applications/ti/ccs1280/ccs/tools/compiler/ti-cgt-arm_20.2.7.LTS/lib/</path>
         <kind>archive</kind>
         <file>rtsv7M4_T_le_v4SPD16_eabi.lib</file>
         <name>memccpy.c.obj</name>
      </input_file>
      <input_file id="fl-dc">
         <path>/Applications/ti/ccs1280/ccs/tools/compiler/ti-cgt-arm_20.2.7.LTS/lib/</path>
         <kind>archive</kind>
         <file>rtsv7M4_T_le_v4SPD16_eabi.lib</file>
         <name>memchr.c.obj</name>
      </input_file>
      <input_file id="fl-dd">
         <path>/Applications/ti/ccs1280/ccs/tools/compiler/ti-cgt-arm_20.2.7.LTS/lib/</path>
         <kind>archive</kind>
         <file>rtsv7M4_T_le_v4SPD16_eabi.lib</file>
         <name>memory.c.obj</name>
      </input_file>
      <input_file id="fl-de">
         <path>/Applications/ti/ccs1280/ccs/tools/compiler/ti-cgt-arm_20.2.7.LTS/lib/</path>
         <kind>archive</kind>
         <file>rtsv7M4_T_le_v4SPD16_eabi.lib</file>
         <name>strchr.c.obj</name>
      </input_file>
      <input_file id="fl-df">
         <path>/Applications/ti/ccs1280/ccs/tools/compiler/ti-cgt-arm_20.2.7.LTS/lib/</path>
         <kind>archive</kind>
         <file>rtsv7M4_T_le_v4SPD16_eabi.lib</file>
         <name>strlen.c.obj</name>
      </input_file>
      <input_file id="fl-e0">
         <path>/Applications/ti/ccs1280/ccs/tools/compiler/ti-cgt-arm_20.2.7.LTS/lib/</path>
         <kind>archive</kind>
         <file>rtsv7M4_T_le_v4SPD16_eabi.lib</file>
         <name>boot_cortex_m.c.obj</name>
      </input_file>
      <input_file id="fl-e1">
         <path>/Applications/ti/ccs1280/ccs/tools/compiler/ti-cgt-arm_20.2.7.LTS/lib/</path>
         <kind>archive</kind>
         <file>rtsv7M4_T_le_v4SPD16_eabi.lib</file>
         <name>write.c.obj</name>
      </input_file>
      <input_file id="fl-e2">
         <path>/Applications/ti/ccs1280/ccs/tools/compiler/ti-cgt-arm_20.2.7.LTS/lib/</path>
         <kind>archive</kind>
         <file>rtsv7M4_T_le_v4SPD16_eabi.lib</file>
         <name>host_device.c.obj</name>
      </input_file>
      <input_file id="fl-e3">
         <path>/Applications/ti/ccs1280/ccs/tools/compiler/ti-cgt-arm_20.2.7.LTS/lib/</path>
         <kind>archive</kind>
         <file>rtsv7M4_T_le_v4SPD16_eabi.lib</file>
         <name>errno.c.obj</name>
      </input_file>
      <input_file id="fl-e4">
         <path>/Applications/ti/ccs1280/ccs/tools/compiler/ti-cgt-arm_20.2.7.LTS/lib/</path>
         <kind>archive</kind>
         <file>rtsv7M4_T_le_v4SPD16_eabi.lib</file>
         <name>wcslen.c.obj</name>
      </input_file>
      <input_file id="fl-e5">
         <path>/Applications/ti/ccs1280/ccs/tools/compiler/ti-cgt-arm_20.2.7.LTS/lib/</path>
         <kind>archive</kind>
         <file>rtsv7M4_T_le_v4SPD16_eabi.lib</file>
         <name>s_frexp.c.obj</name>
      </input_file>
      <input_file id="fl-e6">
         <path>/Applications/ti/ccs1280/ccs/tools/compiler/ti-cgt-arm_20.2.7.LTS/lib/</path>
         <kind>archive</kind>
         <file>rtsv7M4_T_le_v4SPD16_eabi.lib</file>
         <name>s_scalbn.c.obj</name>
      </input_file>
      <input_file id="fl-e7">
         <path>/Applications/ti/ccs1280/ccs/tools/compiler/ti-cgt-arm_20.2.7.LTS/lib/</path>
         <kind>archive</kind>
         <file>rtsv7M4_T_le_v4SPD16_eabi.lib</file>
         <name>fflush.c.obj</name>
      </input_file>
      <input_file id="fl-e8">
         <path>/Applications/ti/ccs1280/ccs/tools/compiler/ti-cgt-arm_20.2.7.LTS/lib/</path>
         <kind>archive</kind>
         <file>rtsv7M4_T_le_v4SPD16_eabi.lib</file>
         <name>fopen.c.obj</name>
      </input_file>
      <input_file id="fl-e9">
         <path>/Applications/ti/ccs1280/ccs/tools/compiler/ti-cgt-arm_20.2.7.LTS/lib/</path>
         <kind>archive</kind>
         <file>rtsv7M4_T_le_v4SPD16_eabi.lib</file>
         <name>fseek.c.obj</name>
      </input_file>
      <input_file id="fl-ea">
         <path>/Applications/ti/ccs1280/ccs/tools/compiler/ti-cgt-arm_20.2.7.LTS/lib/</path>
         <kind>archive</kind>
         <file>rtsv7M4_T_le_v4SPD16_eabi.lib</file>
         <name>div0.asm.obj</name>
      </input_file>
      <input_file id="fl-eb">
         <path>/Applications/ti/ccs1280/ccs/tools/compiler/ti-cgt-arm_20.2.7.LTS/lib/</path>
         <kind>archive</kind>
         <file>rtsv7M4_T_le_v4SPD16_eabi.lib</file>
         <name>autoinit.c.obj</name>
      </input_file>
      <input_file id="fl-ec">
         <path>/Applications/ti/ccs1280/ccs/tools/compiler/ti-cgt-arm_20.2.7.LTS/lib/</path>
         <kind>archive</kind>
         <file>rtsv7M4_T_le_v4SPD16_eabi.lib</file>
         <name>pre_init.c.obj</name>
      </input_file>
      <input_file id="fl-ed">
         <path>/Applications/ti/ccs1280/ccs/tools/compiler/ti-cgt-arm_20.2.7.LTS/lib/</path>
         <kind>archive</kind>
         <file>rtsv7M4_T_le_v4SPD16_eabi.lib</file>
         <name>cpy_tbl.c.obj</name>
      </input_file>
      <input_file id="fl-ee">
         <path>/Applications/ti/ccs1280/ccs/tools/compiler/ti-cgt-arm_20.2.7.LTS/lib/</path>
         <kind>archive</kind>
         <file>rtsv7M4_T_le_v4SPD16_eabi.lib</file>
         <name>args_main.c.obj</name>
      </input_file>
      <input_file id="fl-ef">
         <path>/Applications/ti/ccs1280/ccs/tools/compiler/ti-cgt-arm_20.2.7.LTS/lib/</path>
         <kind>archive</kind>
         <file>rtsv7M4_T_le_v4SPD16_eabi.lib</file>
         <name>hostclose.c.obj</name>
      </input_file>
      <input_file id="fl-f0">
         <path>/Applications/ti/ccs1280/ccs/tools/compiler/ti-cgt-arm_20.2.7.LTS/lib/</path>
         <kind>archive</kind>
         <file>rtsv7M4_T_le_v4SPD16_eabi.lib</file>
         <name>hostlseek.c.obj</name>
      </input_file>
      <input_file id="fl-f1">
         <path>/Applications/ti/ccs1280/ccs/tools/compiler/ti-cgt-arm_20.2.7.LTS/lib/</path>
         <kind>archive</kind>
         <file>rtsv7M4_T_le_v4SPD16_eabi.lib</file>
         <name>hostopen.c.obj</name>
      </input_file>
      <input_file id="fl-f2">
         <path>/Applications/ti/ccs1280/ccs/tools/compiler/ti-cgt-arm_20.2.7.LTS/lib/</path>
         <kind>archive</kind>
         <file>rtsv7M4_T_le_v4SPD16_eabi.lib</file>
         <name>hostread.c.obj</name>
      </input_file>
      <input_file id="fl-f3">
         <path>/Applications/ti/ccs1280/ccs/tools/compiler/ti-cgt-arm_20.2.7.LTS/lib/</path>
         <kind>archive</kind>
         <file>rtsv7M4_T_le_v4SPD16_eabi.lib</file>
         <name>hostrename.c.obj</name>
      </input_file>
      <input_file id="fl-f4">
         <path>/Applications/ti/ccs1280/ccs/tools/compiler/ti-cgt-arm_20.2.7.LTS/lib/</path>
         <kind>archive</kind>
         <file>rtsv7M4_T_le_v4SPD16_eabi.lib</file>
         <name>hostunlink.c.obj</name>
      </input_file>
      <input_file id="fl-f5">
         <path>/Applications/ti/ccs1280/ccs/tools/compiler/ti-cgt-arm_20.2.7.LTS/lib/</path>
         <kind>archive</kind>
         <file>rtsv7M4_T_le_v4SPD16_eabi.lib</file>
         <name>hostwrite.c.obj</name>
      </input_file>
      <input_file id="fl-f6">
         <path>/Applications/ti/ccs1280/ccs/tools/compiler/ti-cgt-arm_20.2.7.LTS/lib/</path>
         <kind>archive</kind>
         <file>rtsv7M4_T_le_v4SPD16_eabi.lib</file>
         <name>trgmsg.c.obj</name>
      </input_file>
      <input_file id="fl-f7">
         <path>/Applications/ti/ccs1280/ccs/tools/compiler/ti-cgt-arm_20.2.7.LTS/lib/</path>
         <kind>archive</kind>
         <file>rtsv7M4_T_le_v4SPD16_eabi.lib</file>
         <name>open.c.obj</name>
      </input_file>
      <input_file id="fl-f8">
         <path>/Applications/ti/ccs1280/ccs/tools/compiler/ti-cgt-arm_20.2.7.LTS/lib/</path>
         <kind>archive</kind>
         <file>rtsv7M4_T_le_v4SPD16_eabi.lib</file>
         <name>lseek.c.obj</name>
      </input_file>
      <input_file id="fl-f9">
         <path>/Applications/ti/ccs1280/ccs/tools/compiler/ti-cgt-arm_20.2.7.LTS/lib/</path>
         <kind>archive</kind>
         <file>rtsv7M4_T_le_v4SPD16_eabi.lib</file>
         <name>s_copysign.c.obj</name>
      </input_file>
      <input_file id="fl-fa">
         <path>/Applications/ti/ccs1280/ccs/tools/compiler/ti-cgt-arm_20.2.7.LTS/lib/</path>
         <kind>archive</kind>
         <file>rtsv7M4_T_le_v4SPD16_eabi.lib</file>
         <name>fclose.c.obj</name>
      </input_file>
      <input_file id="fl-fb">
         <path>/Applications/ti/ccs1280/ccs/tools/compiler/ti-cgt-arm_20.2.7.LTS/lib/</path>
         <kind>archive</kind>
         <file>rtsv7M4_T_le_v4SPD16_eabi.lib</file>
         <name>getdevice.c.obj</name>
      </input_file>
      <input_file id="fl-fc">
         <path>/Applications/ti/ccs1280/ccs/tools/compiler/ti-cgt-arm_20.2.7.LTS/lib/</path>
         <kind>archive</kind>
         <file>rtsv7M4_T_le_v4SPD16_eabi.lib</file>
         <name>strcmp.c.obj</name>
      </input_file>
      <input_file id="fl-fd">
         <path>/Applications/ti/ccs1280/ccs/tools/compiler/ti-cgt-arm_20.2.7.LTS/lib/</path>
         <kind>archive</kind>
         <file>rtsv7M4_T_le_v4SPD16_eabi.lib</file>
         <name>strcpy.c.obj</name>
      </input_file>
      <input_file id="fl-fe">
         <path>/Applications/ti/ccs1280/ccs/tools/compiler/ti-cgt-arm_20.2.7.LTS/lib/</path>
         <kind>archive</kind>
         <file>rtsv7M4_T_le_v4SPD16_eabi.lib</file>
         <name>strncpy.c.obj</name>
      </input_file>
      <input_file id="fl-ff">
         <path>/Applications/ti/ccs1280/ccs/tools/compiler/ti-cgt-arm_20.2.7.LTS/lib/</path>
         <kind>archive</kind>
         <file>rtsv7M4_T_le_v4SPD16_eabi.lib</file>
         <name>remove.c.obj</name>
      </input_file>
      <input_file id="fl-100">
         <path>/Applications/ti/ccs1280/ccs/tools/compiler/ti-cgt-arm_20.2.7.LTS/lib/</path>
         <kind>archive</kind>
         <file>rtsv7M4_T_le_v4SPD16_eabi.lib</file>
         <name>close.c.obj</name>
      </input_file>
      <input_file id="fl-101">
         <path>/Applications/ti/ccs1280/ccs/tools/compiler/ti-cgt-arm_20.2.7.LTS/lib/</path>
         <kind>archive</kind>
         <file>rtsv7M4_T_le_v4SPD16_eabi.lib</file>
         <name>unlink.c.obj</name>
      </input_file>
   </input_file_list>
   <object_component_list>
      <object_component id="oc-12">
         <name>.intvecs</name>
         <load_address>0x0</load_address>
         <run_address>0x0</run_address>
         <size>0x26c</size>
         <input_file_ref idref="fl-4"/>
      </object_component>
      <object_component id="oc-10b">
         <name>.text:__TI_printfi</name>
         <load_address>0x26c</load_address>
         <run_address>0x26c</run_address>
         <size>0xa4e</size>
         <input_file_ref idref="fl-c1"/>
      </object_component>
      <object_component id="oc-1f1">
         <name>.text:_nop</name>
         <load_address>0xcba</load_address>
         <run_address>0xcba</run_address>
         <size>0x2</size>
         <input_file_ref idref="fl-d6"/>
      </object_component>
      <object_component id="oc-30">
         <name>.text</name>
         <load_address>0xcbc</load_address>
         <run_address>0xcbc</run_address>
         <size>0x6f4</size>
         <input_file_ref idref="fl-3"/>
      </object_component>
      <object_component id="oc-1cd">
         <name>.text:_pconv_a</name>
         <load_address>0x13b0</load_address>
         <run_address>0x13b0</run_address>
         <size>0x270</size>
         <input_file_ref idref="fl-c1"/>
      </object_component>
      <object_component id="oc-1bb">
         <name>.text:_pconv_g</name>
         <load_address>0x1620</load_address>
         <run_address>0x1620</run_address>
         <size>0x1d0</size>
         <input_file_ref idref="fl-c1"/>
      </object_component>
      <object_component id="oc-256">
         <name>.text</name>
         <load_address>0x17f0</load_address>
         <run_address>0x17f0</run_address>
         <size>0x1b6</size>
         <input_file_ref idref="fl-c7"/>
      </object_component>
      <object_component id="oc-2e2">
         <name>.text</name>
         <load_address>0x19a6</load_address>
         <run_address>0x19a6</run_address>
         <size>0x2</size>
         <input_file_ref idref="fl-ea"/>
      </object_component>
      <object_component id="oc-9f">
         <name>.text</name>
         <load_address>0x19a8</load_address>
         <run_address>0x19a8</run_address>
         <size>0x168</size>
         <input_file_ref idref="fl-5"/>
      </object_component>
      <object_component id="oc-1c7">
         <name>.text:_pconv_e</name>
         <load_address>0x1b10</load_address>
         <run_address>0x1b10</run_address>
         <size>0x13c</size>
         <input_file_ref idref="fl-c1"/>
      </object_component>
      <object_component id="oc-a5">
         <name>.text</name>
         <load_address>0x1c4c</load_address>
         <run_address>0x1c4c</run_address>
         <size>0x136</size>
         <input_file_ref idref="fl-c9"/>
      </object_component>
      <object_component id="oc-268">
         <name>.text:fcvt</name>
         <load_address>0x1d84</load_address>
         <run_address>0x1d84</run_address>
         <size>0x124</size>
         <input_file_ref idref="fl-c1"/>
      </object_component>
      <object_component id="oc-1ff">
         <name>.text:fputs</name>
         <load_address>0x1ea8</load_address>
         <run_address>0x1ea8</run_address>
         <size>0x114</size>
         <input_file_ref idref="fl-c4"/>
      </object_component>
      <object_component id="oc-27c">
         <name>.text:scalbn</name>
         <load_address>0x1fbc</load_address>
         <run_address>0x1fbc</run_address>
         <size>0x110</size>
         <input_file_ref idref="fl-e6"/>
      </object_component>
      <object_component id="oc-396">
         <name>.text:aligned_alloc</name>
         <load_address>0x20cc</load_address>
         <run_address>0x20cc</run_address>
         <size>0x100</size>
         <input_file_ref idref="fl-dd"/>
      </object_component>
      <object_component id="oc-b5">
         <name>.text</name>
         <load_address>0x21cc</load_address>
         <run_address>0x21cc</run_address>
         <size>0xfc</size>
         <input_file_ref idref="fl-ca"/>
      </object_component>
      <object_component id="oc-354">
         <name>.text:free</name>
         <load_address>0x22c8</load_address>
         <run_address>0x22c8</run_address>
         <size>0xe4</size>
         <input_file_ref idref="fl-dd"/>
      </object_component>
      <object_component id="oc-31a">
         <name>.text:setvbuf</name>
         <load_address>0x23ac</load_address>
         <run_address>0x23ac</run_address>
         <size>0xdc</size>
         <input_file_ref idref="fl-c6"/>
      </object_component>
      <object_component id="oc-1b5">
         <name>.text:_ltostr</name>
         <load_address>0x2488</load_address>
         <run_address>0x2488</run_address>
         <size>0xb1</size>
         <input_file_ref idref="fl-c1"/>
      </object_component>
      <object_component id="oc-44">
         <name>.text</name>
         <load_address>0x253a</load_address>
         <run_address>0x253a</run_address>
         <size>0x9c</size>
         <input_file_ref idref="fl-cf"/>
      </object_component>
      <object_component id="oc-240">
         <name>.text</name>
         <load_address>0x25d6</load_address>
         <run_address>0x25d6</run_address>
         <size>0x96</size>
         <input_file_ref idref="fl-d1"/>
      </object_component>
      <object_component id="oc-206">
         <name>.text:fputc</name>
         <load_address>0x266c</load_address>
         <run_address>0x266c</run_address>
         <size>0x8c</size>
         <input_file_ref idref="fl-c3"/>
      </object_component>
      <object_component id="oc-91">
         <name>.text:__aeabi_cdcmple</name>
         <load_address>0x26f8</load_address>
         <run_address>0x26f8</run_address>
         <size>0x86</size>
         <input_file_ref idref="fl-c8"/>
      </object_component>
      <object_component id="oc-8c">
         <name>.text:__aeabi_cdrcmple</name>
         <load_address>0x277e</load_address>
         <run_address>0x277e</run_address>
         <size>0x86</size>
         <input_file_ref idref="fl-c8"/>
      </object_component>
      <object_component id="oc-e2">
         <name>.text</name>
         <load_address>0x2804</load_address>
         <run_address>0x2804</run_address>
         <size>0x7a</size>
         <input_file_ref idref="fl-d0"/>
      </object_component>
      <object_component id="oc-39d">
         <name>.text:__TI_closefile</name>
         <load_address>0x2880</load_address>
         <run_address>0x2880</run_address>
         <size>0x74</size>
         <input_file_ref idref="fl-fa"/>
      </object_component>
      <object_component id="oc-3de">
         <name>.text:split</name>
         <load_address>0x28f4</load_address>
         <run_address>0x28f4</run_address>
         <size>0x70</size>
         <input_file_ref idref="fl-dd"/>
      </object_component>
      <object_component id="oc-261">
         <name>.text:_mcpy</name>
         <load_address>0x2964</load_address>
         <run_address>0x2964</run_address>
         <size>0x6e</size>
         <input_file_ref idref="fl-c1"/>
      </object_component>
      <object_component id="oc-aa">
         <name>.text</name>
         <load_address>0x29d2</load_address>
         <run_address>0x29d2</run_address>
         <size>0x6e</size>
         <input_file_ref idref="fl-cc"/>
      </object_component>
      <object_component id="oc-3cd">
         <name>.text:HOSTrename</name>
         <load_address>0x2a40</load_address>
         <run_address>0x2a40</run_address>
         <size>0x6c</size>
         <input_file_ref idref="fl-f3"/>
      </object_component>
      <object_component id="oc-3c1">
         <name>.text:HOSTlseek</name>
         <load_address>0x2aac</load_address>
         <run_address>0x2aac</run_address>
         <size>0x68</size>
         <input_file_ref idref="fl-f0"/>
      </object_component>
      <object_component id="oc-15">
         <name>.text:decompress:lzss:__TI_decompress_lzss</name>
         <load_address>0x2b14</load_address>
         <run_address>0x2b14</run_address>
         <size>0x68</size>
         <input_file_ref idref="fl-d4"/>
      </object_component>
      <object_component id="oc-96">
         <name>.text:printf</name>
         <load_address>0x2b7c</load_address>
         <run_address>0x2b7c</run_address>
         <size>0x68</size>
         <input_file_ref idref="fl-c0"/>
      </object_component>
      <object_component id="oc-276">
         <name>.text:frexp</name>
         <load_address>0x2be4</load_address>
         <run_address>0x2be4</run_address>
         <size>0x64</size>
         <input_file_ref idref="fl-e5"/>
      </object_component>
      <object_component id="oc-314">
         <name>.text:fseek</name>
         <load_address>0x2c48</load_address>
         <run_address>0x2c48</run_address>
         <size>0x64</size>
         <input_file_ref idref="fl-e9"/>
      </object_component>
      <object_component id="oc-2a8">
         <name>.text:__TI_wrt_ok</name>
         <load_address>0x2cac</load_address>
         <run_address>0x2cac</run_address>
         <size>0x62</size>
         <input_file_ref idref="fl-c5"/>
      </object_component>
      <object_component id="oc-3a9">
         <name>.text:HOSTopen</name>
         <load_address>0x2d10</load_address>
         <run_address>0x2d10</run_address>
         <size>0x60</size>
         <input_file_ref idref="fl-f1"/>
      </object_component>
      <object_component id="oc-3e5">
         <name>.text:close</name>
         <load_address>0x2d70</load_address>
         <run_address>0x2d70</run_address>
         <size>0x5c</size>
         <input_file_ref idref="fl-100"/>
      </object_component>
      <object_component id="oc-3b5">
         <name>.text:HOSTread</name>
         <load_address>0x2dcc</load_address>
         <run_address>0x2dcc</run_address>
         <size>0x58</size>
         <input_file_ref idref="fl-f2"/>
      </object_component>
      <object_component id="oc-3bb">
         <name>.text:HOSTwrite</name>
         <load_address>0x2e24</load_address>
         <run_address>0x2e24</run_address>
         <size>0x58</size>
         <input_file_ref idref="fl-f5"/>
      </object_component>
      <object_component id="oc-1c1">
         <name>.text:_pconv_f</name>
         <load_address>0x2e7c</load_address>
         <run_address>0x2e7c</run_address>
         <size>0x56</size>
         <input_file_ref idref="fl-c1"/>
      </object_component>
      <object_component id="oc-24b">
         <name>.text:__TI_ltoa</name>
         <load_address>0x2ed2</load_address>
         <run_address>0x2ed2</run_address>
         <size>0x54</size>
         <input_file_ref idref="fl-d7"/>
      </object_component>
      <object_component id="oc-25b">
         <name>.text:_ecpy</name>
         <load_address>0x2f26</load_address>
         <run_address>0x2f26</run_address>
         <size>0x52</size>
         <input_file_ref idref="fl-c1"/>
      </object_component>
      <object_component id="oc-2b4">
         <name>.text:__TI_doflush</name>
         <load_address>0x2f78</load_address>
         <run_address>0x2f78</run_address>
         <size>0x4c</size>
         <input_file_ref idref="fl-e7"/>
      </object_component>
      <object_component id="oc-1af">
         <name>.text:atoi</name>
         <load_address>0x2fc4</load_address>
         <run_address>0x2fc4</run_address>
         <size>0x4c</size>
         <input_file_ref idref="fl-d8"/>
      </object_component>
      <object_component id="oc-af">
         <name>.text:snprintf</name>
         <load_address>0x3010</load_address>
         <run_address>0x3010</run_address>
         <size>0x4c</size>
         <input_file_ref idref="fl-c2"/>
      </object_component>
      <object_component id="oc-171">
         <name>.text:exit</name>
         <load_address>0x305c</load_address>
         <run_address>0x305c</run_address>
         <size>0x48</size>
         <input_file_ref idref="fl-d5"/>
      </object_component>
      <object_component id="oc-246">
         <name>.text</name>
         <load_address>0x30a4</load_address>
         <run_address>0x30a4</run_address>
         <size>0x48</size>
         <input_file_ref idref="fl-cb"/>
      </object_component>
      <object_component id="oc-3af">
         <name>.text:HOSTclose</name>
         <load_address>0x30ec</load_address>
         <run_address>0x30ec</run_address>
         <size>0x44</size>
         <input_file_ref idref="fl-ef"/>
      </object_component>
      <object_component id="oc-3c7">
         <name>.text:HOSTunlink</name>
         <load_address>0x3130</load_address>
         <run_address>0x3130</run_address>
         <size>0x44</size>
         <input_file_ref idref="fl-f4"/>
      </object_component>
      <object_component id="oc-177">
         <name>.text:__TI_auto_init_nobinit_nopinit:__TI_auto_init_nobinit_nopinit</name>
         <load_address>0x3174</load_address>
         <run_address>0x3174</run_address>
         <size>0x44</size>
         <input_file_ref idref="fl-eb"/>
      </object_component>
      <object_component id="oc-41d">
         <name>.text:getdevice</name>
         <load_address>0x31b8</load_address>
         <run_address>0x31b8</run_address>
         <size>0x44</size>
         <input_file_ref idref="fl-fb"/>
      </object_component>
      <object_component id="oc-26e">
         <name>.text:_fcpy</name>
         <load_address>0x31fc</load_address>
         <run_address>0x31fc</run_address>
         <size>0x3e</size>
         <input_file_ref idref="fl-c1"/>
      </object_component>
      <object_component id="oc-3f6">
         <name>.text:__TI_writemsg</name>
         <load_address>0x323c</load_address>
         <run_address>0x323c</run_address>
         <size>0x38</size>
         <input_file_ref idref="fl-f6"/>
      </object_component>
      <object_component id="oc-87">
         <name>.text</name>
         <load_address>0x3274</load_address>
         <run_address>0x3274</run_address>
         <size>0x38</size>
         <input_file_ref idref="fl-cd"/>
      </object_component>
      <object_component id="oc-43f">
         <name>.text:strncpy</name>
         <load_address>0x32ac</load_address>
         <run_address>0x32ac</run_address>
         <size>0x36</size>
         <input_file_ref idref="fl-fe"/>
      </object_component>
      <object_component id="oc-360">
         <name>.text:__TI_cleanup</name>
         <load_address>0x32e4</load_address>
         <run_address>0x32e4</run_address>
         <size>0x34</size>
         <input_file_ref idref="fl-e8"/>
      </object_component>
      <object_component id="oc-3fc">
         <name>.text:__TI_readmsg</name>
         <load_address>0x3318</load_address>
         <run_address>0x3318</run_address>
         <size>0x34</size>
         <input_file_ref idref="fl-f6"/>
      </object_component>
      <object_component id="oc-62">
         <name>.text:_c_int00_noargs:_c_int00_noargs</name>
         <load_address>0x334c</load_address>
         <run_address>0x334c</run_address>
         <size>0x34</size>
         <input_file_ref idref="fl-e0"/>
      </object_component>
      <object_component id="oc-130">
         <name>.text:_outs</name>
         <load_address>0x3380</load_address>
         <run_address>0x3380</run_address>
         <size>0x30</size>
         <input_file_ref idref="fl-c2"/>
      </object_component>
      <object_component id="oc-445">
         <name>.text:finddevice</name>
         <load_address>0x33b0</load_address>
         <run_address>0x33b0</run_address>
         <size>0x30</size>
         <input_file_ref idref="fl-fb"/>
      </object_component>
      <object_component id="oc-251">
         <name>.text</name>
         <load_address>0x33e0</load_address>
         <run_address>0x33e0</run_address>
         <size>0x2e</size>
         <input_file_ref idref="fl-ce"/>
      </object_component>
      <object_component id="oc-3eb">
         <name>.text:unlink</name>
         <load_address>0x3410</load_address>
         <run_address>0x3410</run_address>
         <size>0x2c</size>
         <input_file_ref idref="fl-101"/>
      </object_component>
      <object_component id="oc-38f">
         <name>.text:free_list_insert</name>
         <load_address>0x343c</load_address>
         <run_address>0x343c</run_address>
         <size>0x28</size>
         <input_file_ref idref="fl-dd"/>
      </object_component>
      <object_component id="oc-34c">
         <name>.text:lseek</name>
         <load_address>0x3464</load_address>
         <run_address>0x3464</run_address>
         <size>0x28</size>
         <input_file_ref idref="fl-f8"/>
      </object_component>
      <object_component id="oc-2ba">
         <name>.text:write</name>
         <load_address>0x348c</load_address>
         <run_address>0x348c</run_address>
         <size>0x28</size>
         <input_file_ref idref="fl-e1"/>
      </object_component>
      <object_component id="oc-81">
         <name>.text</name>
         <load_address>0x34b4</load_address>
         <run_address>0x34b4</run_address>
         <size>0x24</size>
         <input_file_ref idref="fl-6"/>
      </object_component>
      <object_component id="oc-2ae">
         <name>.text:memchr</name>
         <load_address>0x34d8</load_address>
         <run_address>0x34d8</run_address>
         <size>0x20</size>
         <input_file_ref idref="fl-dc"/>
      </object_component>
      <object_component id="oc-50">
         <name>.text:decompress:ZI:__TI_zero_init_nomemset:__TI_zero_init_nomemset</name>
         <load_address>0x34f8</load_address>
         <run_address>0x34f8</run_address>
         <size>0x1c</size>
         <input_file_ref idref="fl-d2"/>
      </object_component>
      <object_component id="oc-389">
         <name>.text:free_list_remove</name>
         <load_address>0x3514</load_address>
         <run_address>0x3514</run_address>
         <size>0x1c</size>
         <input_file_ref idref="fl-dd"/>
      </object_component>
      <object_component id="oc-1d3">
         <name>.text:memccpy</name>
         <load_address>0x3530</load_address>
         <run_address>0x3530</run_address>
         <size>0x1c</size>
         <input_file_ref idref="fl-db"/>
      </object_component>
      <object_component id="oc-2f8">
         <name>.text:copysign</name>
         <load_address>0x354c</load_address>
         <run_address>0x354c</run_address>
         <size>0x1a</size>
         <input_file_ref idref="fl-f9"/>
      </object_component>
      <object_component id="oc-136">
         <name>.text:_outc</name>
         <load_address>0x3566</load_address>
         <run_address>0x3566</run_address>
         <size>0x18</size>
         <input_file_ref idref="fl-c2"/>
      </object_component>
      <object_component id="oc-45c">
         <name>.text:strcmp</name>
         <load_address>0x357e</load_address>
         <run_address>0x357e</run_address>
         <size>0x18</size>
         <input_file_ref idref="fl-fc"/>
      </object_component>
      <object_component id="oc-282">
         <name>.text:strchr</name>
         <load_address>0x3596</load_address>
         <run_address>0x3596</run_address>
         <size>0x16</size>
         <input_file_ref idref="fl-de"/>
      </object_component>
      <object_component id="oc-410">
         <name>.text:strcpy</name>
         <load_address>0x35ac</load_address>
         <run_address>0x35ac</run_address>
         <size>0x14</size>
         <input_file_ref idref="fl-fd"/>
      </object_component>
      <object_component id="oc-1a9">
         <name>.text:strlen</name>
         <load_address>0x35c0</load_address>
         <run_address>0x35c0</run_address>
         <size>0x14</size>
         <input_file_ref idref="fl-df"/>
      </object_component>
      <object_component id="oc-1d9">
         <name>.text:wcslen</name>
         <load_address>0x35d4</load_address>
         <run_address>0x35d4</run_address>
         <size>0x12</size>
         <input_file_ref idref="fl-e4"/>
      </object_component>
      <object_component id="oc-7b">
         <name>.text</name>
         <load_address>0x35e8</load_address>
         <run_address>0x35e8</run_address>
         <size>0x10</size>
         <input_file_ref idref="fl-1"/>
      </object_component>
      <object_component id="oc-1b">
         <name>.text:decompress:none:__TI_decompress_none</name>
         <load_address>0x35f8</load_address>
         <run_address>0x35f8</run_address>
         <size>0xe</size>
         <input_file_ref idref="fl-d3"/>
      </object_component>
      <object_component id="oc-2a">
         <name>.text</name>
         <load_address>0x3606</load_address>
         <run_address>0x3606</run_address>
         <size>0xc</size>
         <input_file_ref idref="fl-4"/>
      </object_component>
      <object_component id="oc-1df">
         <name>.text:__aeabi_errno_addr</name>
         <load_address>0x3614</load_address>
         <run_address>0x3614</run_address>
         <size>0x8</size>
         <input_file_ref idref="fl-e3"/>
      </object_component>
      <object_component id="oc-35a">
         <name>.text:malloc</name>
         <load_address>0x361c</load_address>
         <run_address>0x361c</run_address>
         <size>0x8</size>
         <input_file_ref idref="fl-dd"/>
      </object_component>
      <object_component id="oc-11d">
         <name>.text:_outc</name>
         <load_address>0x3624</load_address>
         <run_address>0x3624</run_address>
         <size>0x4</size>
         <input_file_ref idref="fl-c0"/>
      </object_component>
      <object_component id="oc-117">
         <name>.text:_outs</name>
         <load_address>0x3628</load_address>
         <run_address>0x3628</run_address>
         <size>0x4</size>
         <input_file_ref idref="fl-c0"/>
      </object_component>
      <object_component id="oc-e8">
         <name>.text:_system_pre_init</name>
         <load_address>0x362c</load_address>
         <run_address>0x362c</run_address>
         <size>0x4</size>
         <input_file_ref idref="fl-ec"/>
      </object_component>
      <object_component id="oc-16b">
         <name>.text:abort:abort</name>
         <load_address>0x3630</load_address>
         <run_address>0x3630</run_address>
         <size>0x4</size>
         <input_file_ref idref="fl-d5"/>
      </object_component>
      <object_component id="oc-23b">
         <name>.const:.string:_ctypes_</name>
         <load_address>0x3634</load_address>
         <run_address>0x3634</run_address>
         <size>0x101</size>
         <input_file_ref idref="fl-d9"/>
      </object_component>
      <object_component id="oc-496">
         <name>.cinit..data.load</name>
         <load_address>0x3738</load_address>
         <run_address>0x3738</run_address>
         <size>0x69</size>
      </object_component>
      <object_component id="oc-494">
         <name>__TI_handler_table</name>
         <load_address>0x37a4</load_address>
         <run_address>0x37a4</run_address>
         <size>0xc</size>
      </object_component>
      <object_component id="oc-497">
         <name>.cinit..bss.load</name>
         <load_address>0x37b0</load_address>
         <run_address>0x37b0</run_address>
         <size>0x8</size>
      </object_component>
      <object_component id="oc-495">
         <name>__TI_cinit_table</name>
         <load_address>0x37b8</load_address>
         <run_address>0x37b8</run_address>
         <size>0x10</size>
      </object_component>
      <object_component id="oc-9c">
         <name>.data</name>
         <load_address>0x200011b8</load_address>
         <run_address>0x200011b8</run_address>
         <size>0x11</size>
         <input_file_ref idref="fl-3"/>
      </object_component>
      <object_component id="oc-21d">
         <name>.data:$O1$$</name>
         <load_address>0x200011dc</load_address>
         <run_address>0x200011dc</run_address>
         <size>0xc</size>
         <input_file_ref idref="fl-d5"/>
      </object_component>
      <object_component id="oc-111">
         <name>.data:$O1$$</name>
         <load_address>0x200011e8</load_address>
         <run_address>0x200011e8</run_address>
         <size>0x8</size>
         <input_file_ref idref="fl-d6"/>
      </object_component>
      <object_component id="oc-114">
         <name>.data:_ftable</name>
         <load_address>0x20001000</load_address>
         <run_address>0x20001000</run_address>
         <size>0xf0</size>
         <input_file_ref idref="fl-da"/>
      </object_component>
      <object_component id="oc-3a3">
         <name>.data</name>
         <load_address>0x200011cc</load_address>
         <run_address>0x200011cc</run_address>
         <size>0x10</size>
         <input_file_ref idref="fl-da"/>
      </object_component>
      <object_component id="oc-3d9">
         <name>.data:$O1$$</name>
         <load_address>0x200011f0</load_address>
         <run_address>0x200011f0</run_address>
         <size>0x8</size>
         <input_file_ref idref="fl-dd"/>
      </object_component>
      <object_component id="oc-373">
         <name>.data:_device</name>
         <load_address>0x200010f0</load_address>
         <run_address>0x200010f0</run_address>
         <size>0x78</size>
         <input_file_ref idref="fl-e2"/>
      </object_component>
      <object_component id="oc-326">
         <name>.data:_stream</name>
         <load_address>0x20001168</load_address>
         <run_address>0x20001168</run_address>
         <size>0x50</size>
         <input_file_ref idref="fl-e2"/>
      </object_component>
      <object_component id="oc-292">
         <name>.data</name>
         <load_address>0x200011f8</load_address>
         <run_address>0x200011f8</run_address>
         <size>0x4</size>
         <input_file_ref idref="fl-e3"/>
      </object_component>
      <object_component id="oc-427">
         <name>.bss:_CIOBUF_</name>
         <uninitialized>true</uninitialized>
         <run_address>0x200011fc</run_address>
         <size>0x120</size>
         <input_file_ref idref="fl-f6"/>
      </object_component>
      <object_component id="oc-3f1">
         <name>.common:__TI_tmpnams</name>
         <uninitialized>true</uninitialized>
         <run_address>0x2000131c</run_address>
         <size>0xa0</size>
      </object_component>
      <object_component id="oc-402">
         <name>.common:parmbuf</name>
         <uninitialized>true</uninitialized>
         <run_address>0x200013bc</run_address>
         <size>0x8</size>
      </object_component>
      <object_component id="oc-24">
         <name>.sysmem</name>
         <uninitialized>true</uninitialized>
         <run_address>0x200013c8</run_address>
         <size>0x10</size>
         <input_file_ref idref="fl-dd"/>
      </object_component>
      <object_component id="oc-49a">
         <name>.sysmem</name>
         <uninitialized>true</uninitialized>
         <run_address>0x200013c8</run_address>
         <size>0x0</size>
      </object_component>
      <object_component id="oc-27">
         <name>.stack</name>
         <uninitialized>true</uninitialized>
         <run_address>0x20000000</run_address>
         <size>0x4</size>
         <input_file_ref idref="fl-e0"/>
      </object_component>
      <object_component id="oc-499">
         <name>.stack</name>
         <uninitialized>true</uninitialized>
         <run_address>0x20000000</run_address>
         <size>0x0</size>
      </object_component>
      <object_component id="oc-15a">
         <name>.debug_info</name>
         <load_address>0x0</load_address>
         <run_address>0x0</run_address>
         <size>0x25c</size>
         <input_file_ref idref="fl-1"/>
      </object_component>
      <object_component id="oc-7c">
         <name>.debug_info</name>
         <load_address>0x25c</load_address>
         <run_address>0x25c</run_address>
         <size>0x119</size>
         <input_file_ref idref="fl-1"/>
      </object_component>
      <object_component id="oc-c3">
         <name>.debug_info</name>
         <load_address>0x375</load_address>
         <run_address>0x375</run_address>
         <size>0x26b</size>
         <input_file_ref idref="fl-1"/>
      </object_component>
      <object_component id="oc-3f">
         <name>.debug_info</name>
         <load_address>0x5e0</load_address>
         <run_address>0x5e0</run_address>
         <size>0x84</size>
         <input_file_ref idref="fl-1"/>
      </object_component>
      <object_component id="oc-155">
         <name>.debug_info</name>
         <load_address>0x664</load_address>
         <run_address>0x664</run_address>
         <size>0x2a4</size>
         <input_file_ref idref="fl-1"/>
      </object_component>
      <object_component id="oc-c8">
         <name>.debug_info</name>
         <load_address>0x908</load_address>
         <run_address>0x908</run_address>
         <size>0xbb</size>
         <input_file_ref idref="fl-1"/>
      </object_component>
      <object_component id="oc-bb">
         <name>.debug_info</name>
         <load_address>0x9c3</load_address>
         <run_address>0x9c3</run_address>
         <size>0x8b</size>
         <input_file_ref idref="fl-2"/>
      </object_component>
      <object_component id="oc-c0">
         <name>.debug_info</name>
         <load_address>0xa4e</load_address>
         <run_address>0xa4e</run_address>
         <size>0x3ff</size>
         <input_file_ref idref="fl-3"/>
      </object_component>
      <object_component id="oc-9d">
         <name>.debug_info</name>
         <load_address>0xe4d</load_address>
         <run_address>0xe4d</run_address>
         <size>0x14a</size>
         <input_file_ref idref="fl-3"/>
      </object_component>
      <object_component id="oc-31">
         <name>.debug_info</name>
         <load_address>0xf97</load_address>
         <run_address>0xf97</run_address>
         <size>0x6b7</size>
         <input_file_ref idref="fl-3"/>
      </object_component>
      <object_component id="oc-150">
         <name>.debug_info</name>
         <load_address>0x164e</load_address>
         <run_address>0x164e</run_address>
         <size>0xcc</size>
         <input_file_ref idref="fl-3"/>
      </object_component>
      <object_component id="oc-125">
         <name>.debug_info</name>
         <load_address>0x171a</load_address>
         <run_address>0x171a</run_address>
         <size>0x2c</size>
         <input_file_ref idref="fl-3"/>
      </object_component>
      <object_component id="oc-14b">
         <name>.debug_info</name>
         <load_address>0x1746</load_address>
         <run_address>0x1746</run_address>
         <size>0x35</size>
         <input_file_ref idref="fl-3"/>
      </object_component>
      <object_component id="oc-38">
         <name>.debug_info</name>
         <load_address>0x177b</load_address>
         <run_address>0x177b</run_address>
         <size>0x2c3</size>
         <input_file_ref idref="fl-4"/>
      </object_component>
      <object_component id="oc-13">
         <name>.debug_info</name>
         <load_address>0x1a3e</load_address>
         <run_address>0x1a3e</run_address>
         <size>0xec</size>
         <input_file_ref idref="fl-4"/>
      </object_component>
      <object_component id="oc-2b">
         <name>.debug_info</name>
         <load_address>0x1b2a</load_address>
         <run_address>0x1b2a</run_address>
         <size>0x268</size>
         <input_file_ref idref="fl-4"/>
      </object_component>
      <object_component id="oc-12d">
         <name>.debug_info</name>
         <load_address>0x1d92</load_address>
         <run_address>0x1d92</run_address>
         <size>0x262</size>
         <input_file_ref idref="fl-5"/>
      </object_component>
      <object_component id="oc-a1">
         <name>.debug_info</name>
         <load_address>0x1ff4</load_address>
         <run_address>0x1ff4</run_address>
         <size>0x34a</size>
         <input_file_ref idref="fl-5"/>
      </object_component>
      <object_component id="oc-82">
         <name>.debug_info</name>
         <load_address>0x233e</load_address>
         <run_address>0x233e</run_address>
         <size>0x123</size>
         <input_file_ref idref="fl-6"/>
      </object_component>
      <object_component id="oc-124">
         <name>.debug_info</name>
         <load_address>0x2461</load_address>
         <run_address>0x2461</run_address>
         <size>0x3e5</size>
         <input_file_ref idref="fl-c0"/>
      </object_component>
      <object_component id="oc-11e">
         <name>.debug_info</name>
         <load_address>0x2846</load_address>
         <run_address>0x2846</run_address>
         <size>0x157</size>
         <input_file_ref idref="fl-c0"/>
      </object_component>
      <object_component id="oc-118">
         <name>.debug_info</name>
         <load_address>0x299d</load_address>
         <run_address>0x299d</run_address>
         <size>0x166</size>
         <input_file_ref idref="fl-c0"/>
      </object_component>
      <object_component id="oc-97">
         <name>.debug_info</name>
         <load_address>0x2b03</load_address>
         <run_address>0x2b03</run_address>
         <size>0x1ac</size>
         <input_file_ref idref="fl-c0"/>
      </object_component>
      <object_component id="oc-20f">
         <name>.debug_info</name>
         <load_address>0x2caf</load_address>
         <run_address>0x2caf</run_address>
         <size>0xb2</size>
         <input_file_ref idref="fl-c0"/>
      </object_component>
      <object_component id="oc-1e6">
         <name>.debug_info</name>
         <load_address>0x2d61</load_address>
         <run_address>0x2d61</run_address>
         <size>0x590</size>
         <input_file_ref idref="fl-c1"/>
      </object_component>
      <object_component id="oc-1b7">
         <name>.debug_info</name>
         <load_address>0x32f1</load_address>
         <run_address>0x32f1</run_address>
         <size>0x21e</size>
         <input_file_ref idref="fl-c1"/>
      </object_component>
      <object_component id="oc-25d">
         <name>.debug_info</name>
         <load_address>0x350f</load_address>
         <run_address>0x350f</run_address>
         <size>0x1b3</size>
         <input_file_ref idref="fl-c1"/>
      </object_component>
      <object_component id="oc-263">
         <name>.debug_info</name>
         <load_address>0x36c2</load_address>
         <run_address>0x36c2</run_address>
         <size>0x21b</size>
         <input_file_ref idref="fl-c1"/>
      </object_component>
      <object_component id="oc-1bd">
         <name>.debug_info</name>
         <load_address>0x38dd</load_address>
         <run_address>0x38dd</run_address>
         <size>0x3c0</size>
         <input_file_ref idref="fl-c1"/>
      </object_component>
      <object_component id="oc-26a">
         <name>.debug_info</name>
         <load_address>0x3c9d</load_address>
         <run_address>0x3c9d</run_address>
         <size>0x30a</size>
         <input_file_ref idref="fl-c1"/>
      </object_component>
      <object_component id="oc-270">
         <name>.debug_info</name>
         <load_address>0x3fa7</load_address>
         <run_address>0x3fa7</run_address>
         <size>0x215</size>
         <input_file_ref idref="fl-c1"/>
      </object_component>
      <object_component id="oc-1c3">
         <name>.debug_info</name>
         <load_address>0x41bc</load_address>
         <run_address>0x41bc</run_address>
         <size>0x215</size>
         <input_file_ref idref="fl-c1"/>
      </object_component>
      <object_component id="oc-1c9">
         <name>.debug_info</name>
         <load_address>0x43d1</load_address>
         <run_address>0x43d1</run_address>
         <size>0x304</size>
         <input_file_ref idref="fl-c1"/>
      </object_component>
      <object_component id="oc-1cf">
         <name>.debug_info</name>
         <load_address>0x46d5</load_address>
         <run_address>0x46d5</run_address>
         <size>0x4b5</size>
         <input_file_ref idref="fl-c1"/>
      </object_component>
      <object_component id="oc-10d">
         <name>.debug_info</name>
         <load_address>0x4b8a</load_address>
         <run_address>0x4b8a</run_address>
         <size>0x5f4</size>
         <input_file_ref idref="fl-c1"/>
      </object_component>
      <object_component id="oc-1e7">
         <name>.debug_info</name>
         <load_address>0x517e</load_address>
         <run_address>0x517e</run_address>
         <size>0x86</size>
         <input_file_ref idref="fl-c1"/>
      </object_component>
      <object_component id="oc-299">
         <name>.debug_info</name>
         <load_address>0x5204</load_address>
         <run_address>0x5204</run_address>
         <size>0x39</size>
         <input_file_ref idref="fl-c1"/>
      </object_component>
      <object_component id="oc-30f">
         <name>.debug_info</name>
         <load_address>0x523d</load_address>
         <run_address>0x523d</run_address>
         <size>0xb6</size>
         <input_file_ref idref="fl-c1"/>
      </object_component>
      <object_component id="oc-29e">
         <name>.debug_info</name>
         <load_address>0x52f3</load_address>
         <run_address>0x52f3</run_address>
         <size>0x46</size>
         <input_file_ref idref="fl-c1"/>
      </object_component>
      <object_component id="oc-1ec">
         <name>.debug_info</name>
         <load_address>0x5339</load_address>
         <run_address>0x5339</run_address>
         <size>0x46</size>
         <input_file_ref idref="fl-c1"/>
      </object_component>
      <object_component id="oc-13e">
         <name>.debug_info</name>
         <load_address>0x537f</load_address>
         <run_address>0x537f</run_address>
         <size>0x2c</size>
         <input_file_ref idref="fl-c1"/>
      </object_component>
      <object_component id="oc-13d">
         <name>.debug_info</name>
         <load_address>0x53ab</load_address>
         <run_address>0x53ab</run_address>
         <size>0x33a</size>
         <input_file_ref idref="fl-c2"/>
      </object_component>
      <object_component id="oc-b0">
         <name>.debug_info</name>
         <load_address>0x56e5</load_address>
         <run_address>0x56e5</run_address>
         <size>0x1ee</size>
         <input_file_ref idref="fl-c2"/>
      </object_component>
      <object_component id="oc-131">
         <name>.debug_info</name>
         <load_address>0x58d3</load_address>
         <run_address>0x58d3</run_address>
         <size>0x1c3</size>
         <input_file_ref idref="fl-c2"/>
      </object_component>
      <object_component id="oc-137">
         <name>.debug_info</name>
         <load_address>0x5a96</load_address>
         <run_address>0x5a96</run_address>
         <size>0x176</size>
         <input_file_ref idref="fl-c2"/>
      </object_component>
      <object_component id="oc-143">
         <name>.debug_info</name>
         <load_address>0x5c0c</load_address>
         <run_address>0x5c0c</run_address>
         <size>0x69</size>
         <input_file_ref idref="fl-c2"/>
      </object_component>
      <object_component id="oc-2c3">
         <name>.debug_info</name>
         <load_address>0x5c75</load_address>
         <run_address>0x5c75</run_address>
         <size>0x383</size>
         <input_file_ref idref="fl-c3"/>
      </object_component>
      <object_component id="oc-207">
         <name>.debug_info</name>
         <load_address>0x5ff8</load_address>
         <run_address>0x5ff8</run_address>
         <size>0x1ea</size>
         <input_file_ref idref="fl-c3"/>
      </object_component>
      <object_component id="oc-2c1">
         <name>.debug_info</name>
         <load_address>0x61e2</load_address>
         <run_address>0x61e2</run_address>
         <size>0x3fc</size>
         <input_file_ref idref="fl-c4"/>
      </object_component>
      <object_component id="oc-202">
         <name>.debug_info</name>
         <load_address>0x65de</load_address>
         <run_address>0x65de</run_address>
         <size>0x2e2</size>
         <input_file_ref idref="fl-c4"/>
      </object_component>
      <object_component id="oc-162">
         <name>.debug_info</name>
         <load_address>0x68c0</load_address>
         <run_address>0x68c0</run_address>
         <size>0x2c</size>
         <input_file_ref idref="fl-c4"/>
      </object_component>
      <object_component id="oc-321">
         <name>.debug_info</name>
         <load_address>0x68ec</load_address>
         <run_address>0x68ec</run_address>
         <size>0x300</size>
         <input_file_ref idref="fl-c5"/>
      </object_component>
      <object_component id="oc-2a9">
         <name>.debug_info</name>
         <load_address>0x6bec</load_address>
         <run_address>0x6bec</run_address>
         <size>0x19c</size>
         <input_file_ref idref="fl-c5"/>
      </object_component>
      <object_component id="oc-368">
         <name>.debug_info</name>
         <load_address>0x6d88</load_address>
         <run_address>0x6d88</run_address>
         <size>0xbf</size>
         <input_file_ref idref="fl-c5"/>
      </object_component>
      <object_component id="oc-367">
         <name>.debug_info</name>
         <load_address>0x6e47</load_address>
         <run_address>0x6e47</run_address>
         <size>0x374</size>
         <input_file_ref idref="fl-c6"/>
      </object_component>
      <object_component id="oc-31b">
         <name>.debug_info</name>
         <load_address>0x71bb</load_address>
         <run_address>0x71bb</run_address>
         <size>0x20b</size>
         <input_file_ref idref="fl-c6"/>
      </object_component>
      <object_component id="oc-258">
         <name>.debug_info</name>
         <load_address>0x73c6</load_address>
         <run_address>0x73c6</run_address>
         <size>0x14c</size>
         <input_file_ref idref="fl-c7"/>
      </object_component>
      <object_component id="oc-92">
         <name>.debug_info</name>
         <load_address>0x7512</load_address>
         <run_address>0x7512</run_address>
         <size>0x128</size>
         <input_file_ref idref="fl-c8"/>
      </object_component>
      <object_component id="oc-8d">
         <name>.debug_info</name>
         <load_address>0x763a</load_address>
         <run_address>0x763a</run_address>
         <size>0x12a</size>
         <input_file_ref idref="fl-c8"/>
      </object_component>
      <object_component id="oc-a6">
         <name>.debug_info</name>
         <load_address>0x7764</load_address>
         <run_address>0x7764</run_address>
         <size>0x13a</size>
         <input_file_ref idref="fl-c9"/>
      </object_component>
      <object_component id="oc-b6">
         <name>.debug_info</name>
         <load_address>0x789e</load_address>
         <run_address>0x789e</run_address>
         <size>0x13a</size>
         <input_file_ref idref="fl-ca"/>
      </object_component>
      <object_component id="oc-247">
         <name>.debug_info</name>
         <load_address>0x79d8</load_address>
         <run_address>0x79d8</run_address>
         <size>0x12e</size>
         <input_file_ref idref="fl-cb"/>
      </object_component>
      <object_component id="oc-ab">
         <name>.debug_info</name>
         <load_address>0x7b06</load_address>
         <run_address>0x7b06</run_address>
         <size>0x13e</size>
         <input_file_ref idref="fl-cc"/>
      </object_component>
      <object_component id="oc-88">
         <name>.debug_info</name>
         <load_address>0x7c44</load_address>
         <run_address>0x7c44</run_address>
         <size>0x12c</size>
         <input_file_ref idref="fl-cd"/>
      </object_component>
      <object_component id="oc-252">
         <name>.debug_info</name>
         <load_address>0x7d70</load_address>
         <run_address>0x7d70</run_address>
         <size>0x12c</size>
         <input_file_ref idref="fl-ce"/>
      </object_component>
      <object_component id="oc-45">
         <name>.debug_info</name>
         <load_address>0x7e9c</load_address>
         <run_address>0x7e9c</run_address>
         <size>0x119</size>
         <input_file_ref idref="fl-cf"/>
      </object_component>
      <object_component id="oc-e3">
         <name>.debug_info</name>
         <load_address>0x7fb5</load_address>
         <run_address>0x7fb5</run_address>
         <size>0x147</size>
         <input_file_ref idref="fl-d0"/>
      </object_component>
      <object_component id="oc-241">
         <name>.debug_info</name>
         <load_address>0x80fc</load_address>
         <run_address>0x80fc</run_address>
         <size>0x134</size>
         <input_file_ref idref="fl-d1"/>
      </object_component>
      <object_component id="oc-e1">
         <name>.debug_info</name>
         <load_address>0x8230</load_address>
         <run_address>0x8230</run_address>
         <size>0x2d4</size>
         <input_file_ref idref="fl-d2"/>
      </object_component>
      <object_component id="oc-51">
         <name>.debug_info</name>
         <load_address>0x8504</load_address>
         <run_address>0x8504</run_address>
         <size>0x1d2</size>
         <input_file_ref idref="fl-d2"/>
      </object_component>
      <object_component id="oc-dc">
         <name>.debug_info</name>
         <load_address>0x86d6</load_address>
         <run_address>0x86d6</run_address>
         <size>0x46</size>
         <input_file_ref idref="fl-d2"/>
      </object_component>
      <object_component id="oc-4f">
         <name>.debug_info</name>
         <load_address>0x871c</load_address>
         <run_address>0x871c</run_address>
         <size>0x2a8</size>
         <input_file_ref idref="fl-d3"/>
      </object_component>
      <object_component id="oc-1c">
         <name>.debug_info</name>
         <load_address>0x89c4</load_address>
         <run_address>0x89c4</run_address>
         <size>0x1ea</size>
         <input_file_ref idref="fl-d3"/>
      </object_component>
      <object_component id="oc-4a">
         <name>.debug_info</name>
         <load_address>0x8bae</load_address>
         <run_address>0x8bae</run_address>
         <size>0x46</size>
         <input_file_ref idref="fl-d3"/>
      </object_component>
      <object_component id="oc-d4">
         <name>.debug_info</name>
         <load_address>0x8bf4</load_address>
         <run_address>0x8bf4</run_address>
         <size>0x2c</size>
         <input_file_ref idref="fl-d3"/>
      </object_component>
      <object_component id="oc-d2">
         <name>.debug_info</name>
         <load_address>0x8c20</load_address>
         <run_address>0x8c20</run_address>
         <size>0x29e</size>
         <input_file_ref idref="fl-d4"/>
      </object_component>
      <object_component id="oc-16">
         <name>.debug_info</name>
         <load_address>0x8ebe</load_address>
         <run_address>0x8ebe</run_address>
         <size>0x250</size>
         <input_file_ref idref="fl-d4"/>
      </object_component>
      <object_component id="oc-3a">
         <name>.debug_info</name>
         <load_address>0x910e</load_address>
         <run_address>0x910e</run_address>
         <size>0x60</size>
         <input_file_ref idref="fl-d4"/>
      </object_component>
      <object_component id="oc-15b">
         <name>.debug_info</name>
         <load_address>0x916e</load_address>
         <run_address>0x916e</run_address>
         <size>0x46</size>
         <input_file_ref idref="fl-d4"/>
      </object_component>
      <object_component id="oc-cd">
         <name>.debug_info</name>
         <load_address>0x91b4</load_address>
         <run_address>0x91b4</run_address>
         <size>0x39</size>
         <input_file_ref idref="fl-d4"/>
      </object_component>
      <object_component id="oc-221">
         <name>.debug_info</name>
         <load_address>0x91ed</load_address>
         <run_address>0x91ed</run_address>
         <size>0x3ad</size>
         <input_file_ref idref="fl-d5"/>
      </object_component>
      <object_component id="oc-21e">
         <name>.debug_info</name>
         <load_address>0x959a</load_address>
         <run_address>0x959a</run_address>
         <size>0x190</size>
         <input_file_ref idref="fl-d5"/>
      </object_component>
      <object_component id="oc-16c">
         <name>.debug_info</name>
         <load_address>0x972a</load_address>
         <run_address>0x972a</run_address>
         <size>0x122</size>
         <input_file_ref idref="fl-d5"/>
      </object_component>
      <object_component id="oc-172">
         <name>.debug_info</name>
         <load_address>0x984c</load_address>
         <run_address>0x984c</run_address>
         <size>0x184</size>
         <input_file_ref idref="fl-d5"/>
      </object_component>
      <object_component id="oc-1f9">
         <name>.debug_info</name>
         <load_address>0x99d0</load_address>
         <run_address>0x99d0</run_address>
         <size>0x2c9</size>
         <input_file_ref idref="fl-d6"/>
      </object_component>
      <object_component id="oc-112">
         <name>.debug_info</name>
         <load_address>0x9c99</load_address>
         <run_address>0x9c99</run_address>
         <size>0x11e</size>
         <input_file_ref idref="fl-d6"/>
      </object_component>
      <object_component id="oc-1f2">
         <name>.debug_info</name>
         <load_address>0x9db7</load_address>
         <run_address>0x9db7</run_address>
         <size>0x12e</size>
         <input_file_ref idref="fl-d6"/>
      </object_component>
      <object_component id="oc-2ea">
         <name>.debug_info</name>
         <load_address>0x9ee5</load_address>
         <run_address>0x9ee5</run_address>
         <size>0x29c</size>
         <input_file_ref idref="fl-d7"/>
      </object_component>
      <object_component id="oc-24c">
         <name>.debug_info</name>
         <load_address>0xa181</load_address>
         <run_address>0xa181</run_address>
         <size>0x1da</size>
         <input_file_ref idref="fl-d7"/>
      </object_component>
      <object_component id="oc-23f">
         <name>.debug_info</name>
         <load_address>0xa35b</load_address>
         <run_address>0xa35b</run_address>
         <size>0x2b9</size>
         <input_file_ref idref="fl-d8"/>
      </object_component>
      <object_component id="oc-1b1">
         <name>.debug_info</name>
         <load_address>0xa614</load_address>
         <run_address>0xa614</run_address>
         <size>0x17c</size>
         <input_file_ref idref="fl-d8"/>
      </object_component>
      <object_component id="oc-2df">
         <name>.debug_info</name>
         <load_address>0xa790</load_address>
         <run_address>0xa790</run_address>
         <size>0xf9</size>
         <input_file_ref idref="fl-d9"/>
      </object_component>
      <object_component id="oc-23c">
         <name>.debug_info</name>
         <load_address>0xa889</load_address>
         <run_address>0xa889</run_address>
         <size>0x105</size>
         <input_file_ref idref="fl-d9"/>
      </object_component>
      <object_component id="oc-1fd">
         <name>.debug_info</name>
         <load_address>0xa98e</load_address>
         <run_address>0xa98e</run_address>
         <size>0x144</size>
         <input_file_ref idref="fl-da"/>
      </object_component>
      <object_component id="oc-115">
         <name>.debug_info</name>
         <load_address>0xaad2</load_address>
         <run_address>0xaad2</run_address>
         <size>0x102</size>
         <input_file_ref idref="fl-da"/>
      </object_component>
      <object_component id="oc-3a4">
         <name>.debug_info</name>
         <load_address>0xabd4</load_address>
         <run_address>0xabd4</run_address>
         <size>0x18f</size>
         <input_file_ref idref="fl-da"/>
      </object_component>
      <object_component id="oc-28a">
         <name>.debug_info</name>
         <load_address>0xad63</load_address>
         <run_address>0xad63</run_address>
         <size>0x2a7</size>
         <input_file_ref idref="fl-db"/>
      </object_component>
      <object_component id="oc-1d4">
         <name>.debug_info</name>
         <load_address>0xb00a</load_address>
         <run_address>0xb00a</run_address>
         <size>0x1b8</size>
         <input_file_ref idref="fl-db"/>
      </object_component>
      <object_component id="oc-323">
         <name>.debug_info</name>
         <load_address>0xb1c2</load_address>
         <run_address>0xb1c2</run_address>
         <size>0x2a5</size>
         <input_file_ref idref="fl-dc"/>
      </object_component>
      <object_component id="oc-2af">
         <name>.debug_info</name>
         <load_address>0xb467</load_address>
         <run_address>0xb467</run_address>
         <size>0x25d</size>
         <input_file_ref idref="fl-dc"/>
      </object_component>
      <object_component id="oc-76">
         <name>.debug_info</name>
         <load_address>0xb6c4</load_address>
         <run_address>0xb6c4</run_address>
         <size>0x3b2</size>
         <input_file_ref idref="fl-dd"/>
      </object_component>
      <object_component id="oc-25">
         <name>.debug_info</name>
         <load_address>0xba76</load_address>
         <run_address>0xba76</run_address>
         <size>0x10c</size>
         <input_file_ref idref="fl-dd"/>
      </object_component>
      <object_component id="oc-3da">
         <name>.debug_info</name>
         <load_address>0xbb82</load_address>
         <run_address>0xbb82</run_address>
         <size>0x13f</size>
         <input_file_ref idref="fl-dd"/>
      </object_component>
      <object_component id="oc-35e">
         <name>.debug_info</name>
         <load_address>0xbcc1</load_address>
         <run_address>0xbcc1</run_address>
         <size>0x168</size>
         <input_file_ref idref="fl-dd"/>
      </object_component>
      <object_component id="oc-38d">
         <name>.debug_info</name>
         <load_address>0xbe29</load_address>
         <run_address>0xbe29</run_address>
         <size>0x18e</size>
         <input_file_ref idref="fl-dd"/>
      </object_component>
      <object_component id="oc-393">
         <name>.debug_info</name>
         <load_address>0xbfb7</load_address>
         <run_address>0xbfb7</run_address>
         <size>0x19f</size>
         <input_file_ref idref="fl-dd"/>
      </object_component>
      <object_component id="oc-358">
         <name>.debug_info</name>
         <load_address>0xc156</load_address>
         <run_address>0xc156</run_address>
         <size>0x203</size>
         <input_file_ref idref="fl-dd"/>
      </object_component>
      <object_component id="oc-3df">
         <name>.debug_info</name>
         <load_address>0xc359</load_address>
         <run_address>0xc359</run_address>
         <size>0x1db</size>
         <input_file_ref idref="fl-dd"/>
      </object_component>
      <object_component id="oc-397">
         <name>.debug_info</name>
         <load_address>0xc534</load_address>
         <run_address>0xc534</run_address>
         <size>0x299</size>
         <input_file_ref idref="fl-dd"/>
      </object_component>
      <object_component id="oc-101">
         <name>.debug_info</name>
         <load_address>0xc7cd</load_address>
         <run_address>0xc7cd</run_address>
         <size>0xb2</size>
         <input_file_ref idref="fl-dd"/>
      </object_component>
      <object_component id="oc-fc">
         <name>.debug_info</name>
         <load_address>0xc87f</load_address>
         <run_address>0xc87f</run_address>
         <size>0x2c</size>
         <input_file_ref idref="fl-dd"/>
      </object_component>
      <object_component id="oc-301">
         <name>.debug_info</name>
         <load_address>0xc8ab</load_address>
         <run_address>0xc8ab</run_address>
         <size>0x29a</size>
         <input_file_ref idref="fl-de"/>
      </object_component>
      <object_component id="oc-283">
         <name>.debug_info</name>
         <load_address>0xcb45</load_address>
         <run_address>0xcb45</run_address>
         <size>0x262</size>
         <input_file_ref idref="fl-de"/>
      </object_component>
      <object_component id="oc-23a">
         <name>.debug_info</name>
         <load_address>0xcda7</load_address>
         <run_address>0xcda7</run_address>
         <size>0x28f</size>
         <input_file_ref idref="fl-df"/>
      </object_component>
      <object_component id="oc-1aa">
         <name>.debug_info</name>
         <load_address>0xd036</load_address>
         <run_address>0xd036</run_address>
         <size>0x245</size>
         <input_file_ref idref="fl-df"/>
      </object_component>
      <object_component id="oc-28">
         <name>.debug_info</name>
         <load_address>0xd27b</load_address>
         <run_address>0xd27b</run_address>
         <size>0x10b</size>
         <input_file_ref idref="fl-e0"/>
      </object_component>
      <object_component id="oc-64">
         <name>.debug_info</name>
         <load_address>0xd386</load_address>
         <run_address>0xd386</run_address>
         <size>0x1a9</size>
         <input_file_ref idref="fl-e0"/>
      </object_component>
      <object_component id="oc-32a">
         <name>.debug_info</name>
         <load_address>0xd52f</load_address>
         <run_address>0xd52f</run_address>
         <size>0x397</size>
         <input_file_ref idref="fl-e1"/>
      </object_component>
      <object_component id="oc-2bb">
         <name>.debug_info</name>
         <load_address>0xd8c6</load_address>
         <run_address>0xd8c6</run_address>
         <size>0x18f</size>
         <input_file_ref idref="fl-e1"/>
      </object_component>
      <object_component id="oc-37b">
         <name>.debug_info</name>
         <load_address>0xda55</load_address>
         <run_address>0xda55</run_address>
         <size>0x120</size>
         <input_file_ref idref="fl-e1"/>
      </object_component>
      <object_component id="oc-380">
         <name>.debug_info</name>
         <load_address>0xdb75</load_address>
         <run_address>0xdb75</run_address>
         <size>0x2c</size>
         <input_file_ref idref="fl-e1"/>
      </object_component>
      <object_component id="oc-378">
         <name>.debug_info</name>
         <load_address>0xdba1</load_address>
         <run_address>0xdba1</run_address>
         <size>0x337</size>
         <input_file_ref idref="fl-e2"/>
      </object_component>
      <object_component id="oc-374">
         <name>.debug_info</name>
         <load_address>0xded8</load_address>
         <run_address>0xded8</run_address>
         <size>0x109</size>
         <input_file_ref idref="fl-e2"/>
      </object_component>
      <object_component id="oc-327">
         <name>.debug_info</name>
         <load_address>0xdfe1</load_address>
         <run_address>0xdfe1</run_address>
         <size>0x109</size>
         <input_file_ref idref="fl-e2"/>
      </object_component>
      <object_component id="oc-296">
         <name>.debug_info</name>
         <load_address>0xe0ea</load_address>
         <run_address>0xe0ea</run_address>
         <size>0x289</size>
         <input_file_ref idref="fl-e3"/>
      </object_component>
      <object_component id="oc-293">
         <name>.debug_info</name>
         <load_address>0xe373</load_address>
         <run_address>0xe373</run_address>
         <size>0x10e</size>
         <input_file_ref idref="fl-e3"/>
      </object_component>
      <object_component id="oc-1e0">
         <name>.debug_info</name>
         <load_address>0xe481</load_address>
         <run_address>0xe481</run_address>
         <size>0x14e</size>
         <input_file_ref idref="fl-e3"/>
      </object_component>
      <object_component id="oc-291">
         <name>.debug_info</name>
         <load_address>0xe5cf</load_address>
         <run_address>0xe5cf</run_address>
         <size>0x28f</size>
         <input_file_ref idref="fl-e4"/>
      </object_component>
      <object_component id="oc-1da">
         <name>.debug_info</name>
         <load_address>0xe85e</load_address>
         <run_address>0xe85e</run_address>
         <size>0x15a</size>
         <input_file_ref idref="fl-e4"/>
      </object_component>
      <object_component id="oc-304">
         <name>.debug_info</name>
         <load_address>0xe9b8</load_address>
         <run_address>0xe9b8</run_address>
         <size>0x46</size>
         <input_file_ref idref="fl-e4"/>
      </object_component>
      <object_component id="oc-28c">
         <name>.debug_info</name>
         <load_address>0xe9fe</load_address>
         <run_address>0xe9fe</run_address>
         <size>0x39</size>
         <input_file_ref idref="fl-e4"/>
      </object_component>
      <object_component id="oc-2f2">
         <name>.debug_info</name>
         <load_address>0xea37</load_address>
         <run_address>0xea37</run_address>
         <size>0x295</size>
         <input_file_ref idref="fl-e5"/>
      </object_component>
      <object_component id="oc-27a">
         <name>.debug_info</name>
         <load_address>0xeccc</load_address>
         <run_address>0xeccc</run_address>
         <size>0x195</size>
         <input_file_ref idref="fl-e5"/>
[...]
      </symbol>
      <symbol id="sm-e2">
         <name>initTimer</name>
         <value>0xd93</value>
         <object_component_ref idref="oc-30"/>
      </symbol>
      <symbol id="sm-e3">
         <name>initHW</name>
         <value>0xcbd</value>
         <object_component_ref idref="oc-30"/>
      </symbol>
      <symbol id="sm-e4">
         <name>measurement_complete</name>
         <value>0x200011c8</value>
         <object_component_ref idref="oc-9c"/>
      </symbol>
      <symbol id="sm-e5">
         <name>R</name>
         <value>0x200011b8</value>
         <object_component_ref idref="oc-9c"/>
      </symbol>
      <symbol id="sm-e6">
         <name>L</name>
         <value>0x200011bc</value>
         <object_component_ref idref="oc-9c"/>
      </symbol>
      <symbol id="sm-e7">
         <name>C</name>
         <value>0x200011c0</value>
         <object_component_ref idref="oc-9c"/>
      </symbol>
      <symbol id="sm-e8">
         <name>elapsed_time</name>
         <value>0x200011c4</value>
         <object_component_ref idref="oc-9c"/>
      </symbol>
      <symbol id="sm-e9">
         <name>waitSW1Press</name>
         <value>0xdeb</value>
         <object_component_ref idref="oc-30"/>
      </symbol>
      <symbol id="sm-ea">
         <name>main</name>
         <value>0xf85</value>
         <object_component_ref idref="oc-30"/>
      </symbol>
      <symbol id="sm-eb">
         <name>CompISR</name>
         <value>0xdc5</value>
         <object_component_ref idref="oc-30"/>
      </symbol>
      <symbol id="sm-ec">
         <name>autoDetectComponent</name>
         <value>0xdfb</value>
         <object_component_ref idref="oc-30"/>
      </symbol>
      <symbol id="sm-ed">
         <name>initComp</name>
         <value>0xd11</value>
         <object_component_ref idref="oc-30"/>
      </symbol>
      <symbol id="sm-109">
         <name>ResetISR</name>
         <value>0x3607</value>
         <object_component_ref idref="oc-2a"/>
      </symbol>
      <symbol id="sm-10a">
         <name>g_pfnVectors</name>
         <value>0x0</value>
         <object_component_ref idref="oc-12"/>
      </symbol>
      <symbol id="sm-133">
         <name>getcUart0</name>
         <value>0x1aa5</value>
         <object_component_ref idref="oc-9f"/>
      </symbol>
      <symbol id="sm-134">
         <name>kbhitUart0</name>
         <value>0x1ab9</value>
         <object_component_ref idref="oc-9f"/>
      </symbol>
      <symbol id="sm-135">
         <name>setUart0BaudRate</name>
         <value>0x1a31</value>
         <object_component_ref idref="oc-9f"/>
      </symbol>
      <symbol id="sm-136">
         <name>putsUart0</name>
         <value>0x1a79</value>
         <object_component_ref idref="oc-9f"/>
      </symbol>
      <symbol id="sm-137">
         <name>initUart0</name>
         <value>0x19a9</value>
         <object_component_ref idref="oc-9f"/>
      </symbol>
      <symbol id="sm-138">
         <name>putcUart0</name>
         <value>0x1a5d</value>
         <object_component_ref idref="oc-9f"/>
      </symbol>
      <symbol id="sm-146">
         <name>waitMicrosecond</name>
         <value>0x34b5</value>
         <object_component_ref idref="oc-81"/>
      </symbol>
      <symbol id="sm-172">
         <name>printf</name>
         <value>0x2b7d</value>
         <object_component_ref idref="oc-96"/>
      </symbol>
      <symbol id="sm-2dc">
         <name>__TI_printfi</name>
         <value>0x26d</value>
         <object_component_ref idref="oc-10b"/>
      </symbol>
      <symbol id="sm-306">
         <name>snprintf</name>
         <value>0x3011</value>
         <object_component_ref idref="oc-af"/>
      </symbol>
      <symbol id="sm-31b">
         <name>putc</name>
         <value>0x266d</value>
         <object_component_ref idref="oc-206"/>
      </symbol>
      <symbol id="sm-31c">
         <name>fputc</name>
         <value>0x266d</value>
         <object_component_ref idref="oc-206"/>
      </symbol>
      <symbol id="sm-33f">
         <name>fputs</name>
         <value>0x1ea9</value>
         <object_component_ref idref="oc-1ff"/>
      </symbol>
      <symbol id="sm-357">
         <name>__TI_wrt_ok</name>
         <value>0x2cad</value>
         <object_component_ref idref="oc-2a8"/>
      </symbol>
      <symbol id="sm-373">
         <name>setvbuf</name>
         <value>0x23ad</value>
         <object_component_ref idref="oc-31a"/>
      </symbol>
      <symbol id="sm-38a">
         <name>__aeabi_dsub</name>
         <value>0x17f1</value>
         <object_component_ref idref="oc-256"/>
      </symbol>
      <symbol id="sm-38b">
         <name>__aeabi_dadd</name>
         <value>0x17fb</value>
         <object_component_ref idref="oc-256"/>
      </symbol>
      <symbol id="sm-3ad">
         <name>__aeabi_cdcmpeq</name>
         <value>0x26f9</value>
         <object_component_ref idref="oc-91"/>
      </symbol>
      <symbol id="sm-3ae">
         <name>__aeabi_cdcmple</name>
         <value>0x26f9</value>
         <object_component_ref idref="oc-91"/>
      </symbol>
      <symbol id="sm-3af">
         <name>__aeabi_cdrcmple</name>
         <value>0x277f</value>
         <object_component_ref idref="oc-8c"/>
      </symbol>
      <symbol id="sm-3c3">
         <name>__aeabi_ddiv</name>
         <value>0x1c4d</value>
         <object_component_ref idref="oc-a5"/>
      </symbol>
      <symbol id="sm-3ce">
         <name>__aeabi_dmul</name>
         <value>0x21cd</value>
         <object_component_ref idref="oc-b5"/>
      </symbol>
      <symbol id="sm-3d8">
         <name>__aeabi_d2iz</name>
         <value>0x30a5</value>
         <object_component_ref idref="oc-246"/>
      </symbol>
      <symbol id="sm-3e4">
         <name>__aeabi_d2f</name>
         <value>0x29d3</value>
         <object_component_ref idref="oc-aa"/>
      </symbol>
      <symbol id="sm-3ef">
         <name>__aeabi_f2d</name>
         <value>0x3275</value>
         <object_component_ref idref="oc-87"/>
      </symbol>
      <symbol id="sm-3f9">
         <name>__aeabi_i2d</name>
         <value>0x33e1</value>
         <object_component_ref idref="oc-251"/>
      </symbol>
      <symbol id="sm-414">
         <name>memcpy</name>
         <value>0x253b</value>
         <object_component_ref idref="oc-44"/>
      </symbol>
      <symbol id="sm-415">
         <name>__aeabi_memcpy</name>
         <value>0x253b</value>
         <object_component_ref idref="oc-44"/>
      </symbol>
      <symbol id="sm-416">
         <name>__aeabi_memcpy8</name>
         <value>0x253b</value>
         <object_component_ref idref="oc-44"/>
      </symbol>
      <symbol id="sm-417">
         <name>__aeabi_memcpy4</name>
         <value>0x253b</value>
         <object_component_ref idref="oc-44"/>
      </symbol>
      <symbol id="sm-426">
         <name>__aeabi_memset</name>
         <value>0x2807</value>
         <object_component_ref idref="oc-e2"/>
      </symbol>
      <symbol id="sm-427">
         <name>memset</name>
         <value>0x280d</value>
         <object_component_ref idref="oc-e2"/>
      </symbol>
      <symbol id="sm-428">
         <name>__aeabi_memset8</name>
         <value>0x2807</value>
         <object_component_ref idref="oc-e2"/>
      </symbol>
      <symbol id="sm-429">
         <name>__aeabi_memset4</name>
         <value>0x2807</value>
         <object_component_ref idref="oc-e2"/>
      </symbol>
      <symbol id="sm-42a">
         <name>__aeabi_memclr8</name>
         <value>0x2805</value>
         <object_component_ref idref="oc-e2"/>
      </symbol>
      <symbol id="sm-42b">
         <name>__aeabi_memclr4</name>
         <value>0x2805</value>
         <object_component_ref idref="oc-e2"/>
      </symbol>
      <symbol id="sm-42c">
         <name>__aeabi_memclr</name>
         <value>0x2805</value>
         <object_component_ref idref="oc-e2"/>
      </symbol>
      <symbol id="sm-439">
         <name>__aeabi_uldivmod</name>
         <value>0x25d7</value>
         <object_component_ref idref="oc-240"/>
      </symbol>
      <symbol id="sm-44d">
         <name>__TI_zero_init_nomemset</name>
         <value>0x34f9</value>
         <object_component_ref idref="oc-50"/>
      </symbol>
      <symbol id="sm-464">
         <name>__TI_decompress_none</name>
         <value>0x35f9</value>
         <object_component_ref idref="oc-1b"/>
      </symbol>
      <symbol id="sm-487">
         <name>__TI_decompress_lzss</name>
         <value>0x2b15</value>
         <object_component_ref idref="oc-15"/>
      </symbol>
      <symbol id="sm-4ad">
         <name>C$$EXIT</name>
         <value>0x3631</value>
         <object_component_ref idref="oc-16b"/>
      </symbol>
      <symbol id="sm-4ae">
         <name>abort</name>
         <value>0x3631</value>
         <object_component_ref idref="oc-16b"/>
      </symbol>
      <symbol id="sm-4af">
         <name>__TI_dtors_ptr</name>
         <value>0x200011e0</value>
         <object_component_ref idref="oc-21d"/>
      </symbol>
      <symbol id="sm-4b0">
         <name>__TI_cleanup_ptr</name>
         <value>0x200011dc</value>
         <object_component_ref idref="oc-21d"/>
      </symbol>
      <symbol id="sm-4b1">
         <name>__TI_enable_exit_profile_output</name>
         <value>0x200011e4</value>
         <object_component_ref idref="oc-21d"/>
      </symbol>
      <symbol id="sm-4b2">
         <name>exit</name>
         <value>0x305d</value>
         <object_component_ref idref="oc-171"/>
      </symbol>
      <symbol id="sm-4c7">
         <name>_nop</name>
         <value>0xcbb</value>
         <object_component_ref idref="oc-1f1"/>
      </symbol>
      <symbol id="sm-4c8">
         <name>_lock</name>
         <value>0x200011e8</value>
         <object_component_ref idref="oc-111"/>
      </symbol>
      <symbol id="sm-4c9">
         <name>_unlock</name>
         <value>0x200011ec</value>
         <object_component_ref idref="oc-111"/>
      </symbol>
      <symbol id="sm-4d8">
         <name>__TI_ltoa</name>
         <value>0x2ed3</value>
         <object_component_ref idref="oc-24b"/>
      </symbol>
      <symbol id="sm-4ee">
         <name>atoi</name>
         <value>0x2fc5</value>
         <object_component_ref idref="oc-1af"/>
      </symbol>
      <symbol id="sm-4f9">
         <name>_ctypes_</name>
         <value>0x3634</value>
         <object_component_ref idref="oc-23b"/>
      </symbol>
      <symbol id="sm-50e">
         <name>__TI_tmpnams</name>
         <value>0x2000131c</value>
      </symbol>
      <symbol id="sm-50f">
         <name>__aeabi_stdout</name>
         <value>0x200011d4</value>
         <object_component_ref idref="oc-3a3"/>
      </symbol>
      <symbol id="sm-510">
         <name>__aeabi_stderr</name>
         <value>0x200011d8</value>
         <object_component_ref idref="oc-3a3"/>
      </symbol>
      <symbol id="sm-511">
         <name>__aeabi_stdin</name>
         <value>0x200011d0</value>
         <object_component_ref idref="oc-3a3"/>
      </symbol>
      <symbol id="sm-512">
         <name>_ftable</name>
         <value>0x20001000</value>
         <object_component_ref idref="oc-114"/>
      </symbol>
      <symbol id="sm-513">
         <name>__TI_ft_end</name>
         <value>0x200011cc</value>
         <object_component_ref idref="oc-3a3"/>
      </symbol>
      <symbol id="sm-523">
         <name>memccpy</name>
         <value>0x3531</value>
         <object_component_ref idref="oc-1d3"/>
      </symbol>
      <symbol id="sm-533">
         <name>memchr</name>
         <value>0x34d9</value>
         <object_component_ref idref="oc-2ae"/>
      </symbol>
      <symbol id="sm-5bc">
         <name>_sys_memory</name>
         <value>0x200013c8</value>
         <object_component_ref idref="oc-24"/>
      </symbol>
      <symbol id="sm-5bd">
         <name>free</name>
         <value>0x22c9</value>
         <object_component_ref idref="oc-354"/>
      </symbol>
      <symbol id="sm-5be">
         <name>memalign</name>
         <value>0x20cd</value>
         <object_component_ref idref="oc-396"/>
      </symbol>
      <symbol id="sm-5bf">
         <name>malloc</name>
         <value>0x361d</value>
         <object_component_ref idref="oc-35a"/>
      </symbol>
      <symbol id="sm-5c0">
         <name>aligned_alloc</name>
         <value>0x20cd</value>
         <object_component_ref idref="oc-396"/>
      </symbol>
      <symbol id="sm-5d0">
         <name>strchr</name>
         <value>0x3597</value>
         <object_component_ref idref="oc-282"/>
      </symbol>
      <symbol id="sm-5de">
         <name>strlen</name>
         <value>0x35c1</value>
         <object_component_ref idref="oc-1a9"/>
      </symbol>
      <symbol id="sm-5f1">
         <name>__stack</name>
         <value>0x20000000</value>
         <object_component_ref idref="oc-27"/>
      </symbol>
      <symbol id="sm-5f2">
         <name>_c_int00_noargs</name>
         <value>0x334d</value>
         <object_component_ref idref="oc-62"/>
      </symbol>
      <symbol id="sm-60c">
         <name>write</name>
         <value>0x348d</value>
         <object_component_ref idref="oc-2ba"/>
      </symbol>
      <symbol id="sm-61d">
         <name>_stream</name>
         <value>0x20001168</value>
         <object_component_ref idref="oc-326"/>
      </symbol>
      <symbol id="sm-61e">
         <name>_device</name>
         <value>0x200010f0</value>
         <object_component_ref idref="oc-373"/>
      </symbol>
      <symbol id="sm-634">
         <name>__aeabi_errno_addr</name>
         <value>0x3615</value>
         <object_component_ref idref="oc-1df"/>
      </symbol>
      <symbol id="sm-635">
         <name>errno</name>
         <value>0x200011f8</value>
         <object_component_ref idref="oc-292"/>
      </symbol>
      <symbol id="sm-64e">
         <name>wcslen</name>
         <value>0x35d5</value>
         <object_component_ref idref="oc-1d9"/>
      </symbol>
      <symbol id="sm-66e">
         <name>frexpl</name>
         <value>0x2be5</value>
         <object_component_ref idref="oc-276"/>
      </symbol>
      <symbol id="sm-66f">
         <name>frexp</name>
         <value>0x2be5</value>
         <object_component_ref idref="oc-276"/>
      </symbol>
      <symbol id="sm-68c">
         <name>scalbn</name>
         <value>0x1fbd</value>
         <object_component_ref idref="oc-27c"/>
      </symbol>
      <symbol id="sm-68d">
         <name>scalbnl</name>
         <value>0x1fbd</value>
         <object_component_ref idref="oc-27c"/>
      </symbol>
      <symbol id="sm-68e">
         <name>ldexpl</name>
         <value>0x1fbd</value>
         <object_component_ref idref="oc-27c"/>
      </symbol>
      <symbol id="sm-68f">
         <name>ldexp</name>
         <value>0x1fbd</value>
         <object_component_ref idref="oc-27c"/>
      </symbol>
      <symbol id="sm-69f">
         <name>__TI_doflush</name>
         <value>0x2f79</value>
         <object_component_ref idref="oc-2b4"/>
      </symbol>
      <symbol id="sm-6af">
         <name>__TI_cleanup</name>
         <value>0x32e5</value>
         <object_component_ref idref="oc-360"/>
      </symbol>
      <symbol id="sm-6c1">
         <name>fseek</name>
         <value>0x2c49</value>
         <object_component_ref idref="oc-314"/>
      </symbol>
      <symbol id="sm-6cb">
         <name>__aeabi_idiv0</name>
         <value>0x19a7</value>
         <object_component_ref idref="oc-2e2"/>
      </symbol>
      <symbol id="sm-6cc">
         <name>__aeabi_ldiv0</name>
         <value>0x19a7</value>
         <object_component_ref idref="oc-2e2"/>
      </symbol>
      <symbol id="sm-6f4">
         <name>__TI_auto_init_nobinit_nopinit</name>
         <value>0x3175</value>
         <object_component_ref idref="oc-177"/>
      </symbol>
      <symbol id="sm-6fe">
         <name>_system_pre_init</name>
         <value>0x362d</value>
         <object_component_ref idref="oc-e8"/>
      </symbol>
      <symbol id="sm-711">
         <name>HOSTclose</name>
         <value>0x30ed</value>
         <object_component_ref idref="oc-3af"/>
      </symbol>
      <symbol id="sm-722">
         <name>HOSTlseek</name>
         <value>0x2aad</value>
         <object_component_ref idref="oc-3c1"/>
      </symbol>
      <symbol id="sm-734">
         <name>parmbuf</name>
         <value>0x200013bc</value>
      </symbol>
      <symbol id="sm-735">
         <name>HOSTopen</name>
         <value>0x2d11</value>
         <object_component_ref idref="oc-3a9"/>
      </symbol>
      <symbol id="sm-746">
         <name>HOSTread</name>
         <value>0x2dcd</value>
         <object_component_ref idref="oc-3b5"/>
      </symbol>
      <symbol id="sm-757">
         <name>HOSTrename</name>
         <value>0x2a41</value>
         <object_component_ref idref="oc-3cd"/>
      </symbol>
      <symbol id="sm-768">
         <name>HOSTunlink</name>
         <value>0x3131</value>
         <object_component_ref idref="oc-3c7"/>
      </symbol>
      <symbol id="sm-779">
         <name>HOSTwrite</name>
         <value>0x2e25</value>
         <object_component_ref idref="oc-3bb"/>
      </symbol>
      <symbol id="sm-79d">
         <name>__TI_readmsg</name>
         <value>0x3319</value>
         <object_component_ref idref="oc-3fc"/>
      </symbol>
      <symbol id="sm-79e">
         <name>C$$IO$$</name>
         <value>0x326b</value>
         <object_component_ref idref="oc-3f6"/>
      </symbol>
      <symbol id="sm-79f">
         <name>__CIOBUF_</name>
         <value>0x200011fc</value>
         <object_component_ref idref="oc-427"/>
      </symbol>
      <symbol id="sm-7a0">
         <name>__TI_writemsg</name>
         <value>0x323d</value>
         <object_component_ref idref="oc-3f6"/>
      </symbol>
      <symbol id="sm-7b1">
         <name>lseek</name>
         <value>0x3465</value>
         <object_component_ref idref="oc-34c"/>
      </symbol>
      <symbol id="sm-7bb">
         <name>copysign</name>
         <value>0x354d</value>
         <object_component_ref idref="oc-2f8"/>
      </symbol>
      <symbol id="sm-7bc">
         <name>copysignl</name>
         <value>0x354d</value>
         <object_component_ref idref="oc-2f8"/>
      </symbol>
      <symbol id="sm-7d1">
         <name>__TI_closefile</name>
         <value>0x2881</value>
         <object_component_ref idref="oc-39d"/>
      </symbol>
      <symbol id="sm-7f4">
         <name>finddevice</name>
         <value>0x33b1</value>
         <object_component_ref idref="oc-445"/>
      </symbol>
      <symbol id="sm-7f5">
         <name>getdevice</name>
         <value>0x31b9</value>
         <object_component_ref idref="oc-41d"/>
      </symbol>
      <symbol id="sm-804">
         <name>strcmp</name>
         <value>0x357f</value>
         <object_component_ref idref="oc-45c"/>
      </symbol>
      <symbol id="sm-812">
         <name>strcpy</name>
         <value>0x35ad</value>
         <object_component_ref idref="oc-410"/>
      </symbol>
      <symbol id="sm-822">
         <name>strncpy</name>
         <value>0x32ad</value>
         <object_component_ref idref="oc-43f"/>
      </symbol>
      <symbol id="sm-837">
         <name>close</name>
         <value>0x2d71</value>
         <object_component_ref idref="oc-3e5"/>
      </symbol>
      <symbol id="sm-847">
         <name>unlink</name>
         <value>0x3411</value>
         <object_component_ref idref="oc-3eb"/>
      </symbol>
      <symbol id="sm-848">
         <name>__TI_static_base__</name>
         <value>0x0</value>
      </symbol>
      <symbol id="sm-84b">
         <name>__mpu_init</name>
         <value>0x0</value>
      </symbol>
      <symbol id="sm-84c">
         <name>_system_post_cinit</name>
         <value>0x0</value>
      </symbol>
      <symbol id="sm-84d">
         <name>remove</name>
         <value>0x3411</value>
      </symbol>
   </symbol_table>
   <title>Link successful</title>
</link_info>
