******************************************************************************
                  TI ARM Linker Unix v20.2.7                   
******************************************************************************
>> Linked Mon Nov 25 13:29:19 2024

OUTPUT FILE NAME:   <lab6_1.out>
ENTRY POINT SYMBOL: "_c_int00_noargs"  address: 0000334d


MEMORY CONFIGURATION

         name            origin    length      used     unused   attr    fill
----------------------  --------  ---------  --------  --------  ----  --------
  FLASH                 00000000   00040000  000037c5  0003c83b  R  X
  SRAM                  20000000   00008000  000013d4  00006c2c  RW X


SEGMENT ALLOCATION MAP

run origin  load origin   length   init length attrs members
----------  ----------- ---------- ----------- ----- -------
00000000    00000000    000037c8   000037c8    r-x
  00000000    00000000    0000026c   0000026c    r-- .intvecs
  0000026c    0000026c    000033c8   000033c8    r-x .text
  00003634    00003634    00000101   00000101    r-- .const
  00003738    00003738    00000090   00000090    r-- .cinit
20000000    20000000    000013d8   00000000    rw-
  20000000    20000000    00001000   00000000    rw- .stack
  20001000    20001000    000001fc   00000000    rw- .data
  200011fc    200011fc    000001c8   00000000    rw- .bss
  200013c8    200013c8    00000010   00000000    rw- .sysmem


SECTION ALLOCATION MAP

 output                                  attributes/
section   page    origin      length       input sections
--------  ----  ----------  ----------   ----------------
.intvecs   0    00000000    0000026c     
                  00000000    0000026c     tm4c123gh6pm_startup_ccs.obj (.intvecs)

.text      0    0000026c    000033c8     
                  0000026c    00000a4e     rtsv7M4_T_le_v4SPD16_eabi.lib : _printfi.c.obj (.text:__TI_printfi)
                  00000cba    00000002                                   : _lock.c.obj (.text:_nop)
                  00000cbc    000006f4     main.obj (.text)
                  000013b0    00000270     rtsv7M4_T_le_v4SPD16_eabi.lib : _printfi.c.obj (.text:_pconv_a)
                  00001620    000001d0                                   : _printfi.c.obj (.text:_pconv_g)
                  000017f0    000001b6                                   : fd_add_t2.asm.obj (.text)
                  000019a6    00000002                                   : div0.asm.obj (.text)
                  000019a8    00000168     uart0.obj (.text)
                  00001b10    0000013c     rtsv7M4_T_le_v4SPD16_eabi.lib : _printfi.c.obj (.text:_pconv_e)
                  00001c4c    00000136                                   : fd_div_t2.asm.obj (.text)
                  00001d82    00000002     --HOLE-- [fill = 0]
                  00001d84    00000124                                   : _printfi.c.obj (.text:fcvt)
                  00001ea8    00000114                                   : fputs.c.obj (.text:fputs)
                  00001fbc    00000110                                   : s_scalbn.c.obj (.text:scalbn)
                  000020cc    00000100                                   : memory.c.obj (.text:aligned_alloc)
                  000021cc    000000fc                                   : fd_mul_t2.asm.obj (.text)
                  000022c8    000000e4                                   : memory.c.obj (.text:free)
                  000023ac    000000dc                                   : setvbuf.c.obj (.text:setvbuf)
                  00002488    000000b1                                   : _printfi.c.obj (.text:_ltostr)
                  00002539    00000001     --HOLE-- [fill = 0]
                  0000253a    0000009c                                   : memcpy_t2.asm.obj (.text)
                  000025d6    00000096                                   : ull_div_t2.asm.obj (.text)
                  0000266c    0000008c                                   : fputc.c.obj (.text:fputc)
                  000026f8    00000086                                   : fd_cmp_t2.asm.obj (.text:__aeabi_cdcmple)
                  0000277e    00000086                                   : fd_cmp_t2.asm.obj (.text:__aeabi_cdrcmple)
                  00002804    0000007a                                   : memset_t2.asm.obj (.text)
                  0000287e    00000002     --HOLE-- [fill = 0]
                  00002880    00000074                                   : fclose.c.obj (.text:__TI_closefile)
                  000028f4    00000070                                   : memory.c.obj (.text:split)
                  00002964    0000006e                                   : _printfi.c.obj (.text:_mcpy)
                  000029d2    0000006e                                   : fd_tos_t2.asm.obj (.text)
                  00002a40    0000006c                                   : hostrename.c.obj (.text:HOSTrename)
                  00002aac    00000068                                   : hostlseek.c.obj (.text:HOSTlseek)
                  00002b14    00000068                                   : copy_decompress_lzss.c.obj (.text:decompress:lzss:__TI_decompress_lzss)
                  00002b7c    00000068                                   : printf.c.obj (.text:printf)
                  00002be4    00000064                                   : s_frexp.c.obj (.text:frexp)
                  00002c48    00000064                                   : fseek.c.obj (.text:fseek)
                  00002cac    00000062                                   : _io_perm.c.obj (.text:__TI_wrt_ok)
                  00002d0e    00000002     --HOLE-- [fill = 0]
                  00002d10    00000060                                   : hostopen.c.obj (.text:HOSTopen)
                  00002d70    0000005c                                   : close.c.obj (.text:close)
                  00002dcc    00000058                                   : hostread.c.obj (.text:HOSTread)
                  00002e24    00000058                                   : hostwrite.c.obj (.text:HOSTwrite)
                  00002e7c    00000056                                   : _printfi.c.obj (.text:_pconv_f)
                  00002ed2    00000054                                   : _ltoa.c.obj (.text:__TI_ltoa)
                  00002f26    00000052                                   : _printfi.c.obj (.text:_ecpy)
                  00002f78    0000004c                                   : fflush.c.obj (.text:__TI_doflush)
                  00002fc4    0000004c                                   : atoi.c.obj (.text:atoi)
                  00003010    0000004c                                   : snprintf.c.obj (.text:snprintf)
                  0000305c    00000048                                   : exit.c.obj (.text:exit)
                  000030a4    00000048                                   : fd_toi_t2.asm.obj (.text)
                  000030ec    00000044                                   : hostclose.c.obj (.text:HOSTclose)
                  00003130    00000044                                   : hostunlink.c.obj (.text:HOSTunlink)
                  00003174    00000044                                   : autoinit.c.obj (.text:__TI_auto_init_nobinit_nopinit:__TI_auto_init_nobinit_nopinit)
                  000031b8    00000044                                   : getdevice.c.obj (.text:getdevice)
                  000031fc    0000003e                                   : _printfi.c.obj (.text:_fcpy)
                  0000323a    00000002     --HOLE-- [fill = 0]
                  0000323c    00000038                                   : trgmsg.c.obj (.text:__TI_writemsg)
                  00003274    00000038                                   : fs_tod_t2.asm.obj (.text)
                  000032ac    00000036                                   : strncpy.c.obj (.text:strncpy)
                  000032e2    00000002     --HOLE-- [fill = 0]
                  000032e4    00000034                                   : fopen.c.obj (.text:__TI_cleanup)
                  00003318    00000034                                   : trgmsg.c.obj (.text:__TI_readmsg)
                  0000334c    00000034                                   : boot_cortex_m.c.obj (.text:_c_int00_noargs:_c_int00_noargs)
                  00003380    00000030                                   : snprintf.c.obj (.text:_outs)
                  000033b0    00000030                                   : getdevice.c.obj (.text:finddevice)
                  000033e0    0000002e                                   : i_tofd_t2.asm.obj (.text)
                  0000340e    00000002     --HOLE-- [fill = 0]
                  00003410    0000002c                                   : unlink.c.obj (.text:unlink)
                  0000343c    00000028                                   : memory.c.obj (.text:free_list_insert)
                  00003464    00000028                                   : lseek.c.obj (.text:lseek)
                  0000348c    00000028                                   : write.c.obj (.text:write)
                  000034b4    00000024     wait.obj (.text)
                  000034d8    00000020     rtsv7M4_T_le_v4SPD16_eabi.lib : memchr.c.obj (.text:memchr)
                  000034f8    0000001c                                   : copy_zero_init.c.obj (.text:decompress:ZI:__TI_zero_init_nomemset:__TI_zero_init_nomemset)
                  00003514    0000001c                                   : memory.c.obj (.text:free_list_remove)
                  00003530    0000001c                                   : memccpy.c.obj (.text:memccpy)
                  0000354c    0000001a                                   : s_copysign.c.obj (.text:copysign)
                  00003566    00000018                                   : snprintf.c.obj (.text:_outc)
                  0000357e    00000018                                   : strcmp.c.obj (.text:strcmp)
                  00003596    00000016                                   : strchr.c.obj (.text:strchr)
                  000035ac    00000014                                   : strcpy.c.obj (.text:strcpy)
                  000035c0    00000014                                   : strlen.c.obj (.text:strlen)
                  000035d4    00000012                                   : wcslen.c.obj (.text:wcslen)
                  000035e6    00000002     --HOLE-- [fill = 0]
                  000035e8    00000010     clock.obj (.text)
                  000035f8    0000000e     rtsv7M4_T_le_v4SPD16_eabi.lib : copy_decompress_none.c.obj (.text:decompress:none:__TI_decompress_none)
                  00003606    0000000c     tm4c123gh6pm_startup_ccs.obj (.text)
                  00003612    00000002     --HOLE-- [fill = 0]
                  00003614    00000008     rtsv7M4_T_le_v4SPD16_eabi.lib : errno.c.obj (.text:__aeabi_errno_addr)
                  0000361c    00000008                                   : memory.c.obj (.text:malloc)
                  00003624    00000004                                   : printf.c.obj (.text:_outc)
                  00003628    00000004                                   : printf.c.obj (.text:_outs)
                  0000362c    00000004                                   : pre_init.c.obj (.text:_system_pre_init)
                  00003630    00000004                                   : exit.c.obj (.text:abort:abort)

.const     0    00003634    00000101     
                  00003634    00000101     rtsv7M4_T_le_v4SPD16_eabi.lib : ctype.c.obj (.const:.string:_ctypes_)

.cinit     0    00003738    00000090     
                  00003738    00000069     (.cinit..data.load) [load image, compression = lzss]
                  000037a1    00000003     --HOLE-- [fill = 0]
                  000037a4    0000000c     (__TI_handler_table)
                  000037b0    00000008     (.cinit..bss.load) [load image, compression = zero_init]
                  000037b8    00000010     (__TI_cinit_table)

.init_array 
*          0    00000000    00000000     UNINITIALIZED

.stack     0    20000000    00001000     UNINITIALIZED
                  20000000    00000004     rtsv7M4_T_le_v4SPD16_eabi.lib : boot_cortex_m.c.obj (.stack)
                  20000004    00000ffc     --HOLE--

.data      0    20001000    000001fc     UNINITIALIZED
                  20001000    000000f0     rtsv7M4_T_le_v4SPD16_eabi.lib : defs.c.obj (.data:_ftable)
                  200010f0    00000078                                   : host_device.c.obj (.data:_device)
                  20001168    00000050                                   : host_device.c.obj (.data:_stream)
                  200011b8    00000011     main.obj (.data)
                  200011c9    00000003     --HOLE--
                  200011cc    00000010     rtsv7M4_T_le_v4SPD16_eabi.lib : defs.c.obj (.data)
                  200011dc    0000000c                                   : exit.c.obj (.data:$O1$$)
                  200011e8    00000008                                   : _lock.c.obj (.data:$O1$$)
                  200011f0    00000008                                   : memory.c.obj (.data:$O1$$)
                  200011f8    00000004                                   : errno.c.obj (.data)

.bss       0    200011fc    000001c8     UNINITIALIZED
                  200011fc    00000120     rtsv7M4_T_le_v4SPD16_eabi.lib : trgmsg.c.obj (.bss:_CIOBUF_)
                  2000131c    000000a0     (.common:__TI_tmpnams)
                  200013bc    00000008     (.common:parmbuf)

.sysmem    0    200013c8    00000010     UNINITIALIZED
                  200013c8    00000010     rtsv7M4_T_le_v4SPD16_eabi.lib : memory.c.obj (.sysmem)

__llvm_prf_cnts 
*          0    20000000    00000000     UNINITIALIZED

MODULE SUMMARY

       Module                         code    ro data   rw data
       ------                         ----    -------   -------
    ./
       main.obj                       1780    0         17     
       tm4c123gh6pm_startup_ccs.obj   12      620       0      
       uart0.obj                      360     0         0      
       wait.obj                       36      0         0      
       clock.obj                      16      0         0      
    +--+------------------------------+-------+---------+---------+
       Total:                         2204    620       17     
                                                               
    /Applications/ti/ccs1280/ccs/tools/compiler/ti-cgt-arm_20.2.7.LTS/lib/rtsv7M4_T_le_v4SPD16_eabi.lib
       _printfi.c.obj                 4851    0         0      
       memory.c.obj                   672     0         8      
       fd_add_t2.asm.obj              438     0         0      
       defs.c.obj                     0       0         416    
       trgmsg.c.obj                   108     0         288    
       fd_div_t2.asm.obj              310     0         0      
       fputs.c.obj                    276     0         0      
       s_scalbn.c.obj                 272     0         0      
       fd_cmp_t2.asm.obj              268     0         0      
       ctype.c.obj                    0       257       0      
       fd_mul_t2.asm.obj              252     0         0      
       setvbuf.c.obj                  220     0         0      
       host_device.c.obj              0       0         200    
       memcpy_t2.asm.obj              156     0         0      
       ull_div_t2.asm.obj             150     0         0      
       snprintf.c.obj                 148     0         0      
       fputc.c.obj                    140     0         0      
       memset_t2.asm.obj              122     0         0      
       fclose.c.obj                   116     0         0      
       getdevice.c.obj                116     0         0      
       printf.c.obj                   112     0         0      
       fd_tos_t2.asm.obj              110     0         0      
       hostrename.c.obj               108     0         0      
       copy_decompress_lzss.c.obj     104     0         0      
       hostlseek.c.obj                104     0         0      
       hostopen.c.obj                 96      0         8      
       fseek.c.obj                    100     0         0      
       s_frexp.c.obj                  100     0         0      
       _io_perm.c.obj                 98      0         0      
       close.c.obj                    92      0         0      
       exit.c.obj                     76      0         12     
       hostread.c.obj                 88      0         0      
       hostwrite.c.obj                88      0         0      
       _ltoa.c.obj                    84      0         0      
       atoi.c.obj                     76      0         0      
       fflush.c.obj                   76      0         0      
       fd_toi_t2.asm.obj              72      0         0      
       autoinit.c.obj                 68      0         0      
       hostclose.c.obj                68      0         0      
       hostunlink.c.obj               68      0         0      
       fs_tod_t2.asm.obj              56      0         0      
       strncpy.c.obj                  54      0         0      
       boot_cortex_m.c.obj            52      0         0      
       fopen.c.obj                    52      0         0      
       i_tofd_t2.asm.obj              46      0         0      
       unlink.c.obj                   44      0         0      
       lseek.c.obj                    40      0         0      
       write.c.obj                    40      0         0      
       memchr.c.obj                   32      0         0      
       copy_zero_init.c.obj           28      0         0      
       memccpy.c.obj                  28      0         0      
       s_copysign.c.obj               26      0         0      
       strcmp.c.obj                   24      0         0      
       strchr.c.obj                   22      0         0      
       strcpy.c.obj                   20      0         0      
       strlen.c.obj                   20      0         0      
       wcslen.c.obj                   18      0         0      
       copy_decompress_none.c.obj     14      0         0      
       errno.c.obj                    8       0         4      
       _lock.c.obj                    2       0         8      
       pre_init.c.obj                 4       0         0      
       div0.asm.obj                   2       0         0      
    +--+------------------------------+-------+---------+---------+
       Total:                         11035   257       944    
                                                               
       Heap:                          0       0         16     
       Stack:                         0       0         4096   
       Linker Generated:              0       141       0      
    +--+------------------------------+-------+---------+---------+
       Grand Total:                   13239   1018      5073   


LINKER GENERATED COPY TABLES

__TI_cinit_table @ 000037b8 records: 2, size/record: 8, table size: 16
	.data: load addr=00003738, load size=00000069 bytes, run addr=20001000, run size=000001fc bytes, compression=lzss
	.bss: load addr=000037b0, load size=00000008 bytes, run addr=200011fc, run size=000001c8 bytes, compression=zero_init


LINKER GENERATED HANDLER TABLE

__TI_handler_table @ 000037a4 records: 3, size/record: 4, table size: 12
	index: 0, handler: __TI_decompress_lzss
	index: 1, handler: __TI_decompress_none
	index: 2, handler: __TI_zero_init


GLOBAL SYMBOLS: SORTED ALPHABETICALLY BY Name 

address   name                           
-------   ----                           
200011c0  C                              
00003631  C$$EXIT                        
0000326b  C$$IO$$                        
00000dc5  CompISR                        
000030ed  HOSTclose                      
00002aad  HOSTlseek                      
00002d11  HOSTopen                       
00002dcd  HOSTread                       
00002a41  HOSTrename                     
00003131  HOSTunlink                     
00002e25  HOSTwrite                      
200011bc  L                              
200011b8  R                              
00003607  ResetISR                       
200011fc  __CIOBUF_                      
20001000  __STACK_END                    
00001000  __STACK_SIZE                   
20000200  __STACK_TOP                    
00000010  __SYSMEM_SIZE                  
000037b8  __TI_CINIT_Base                
000037c8  __TI_CINIT_Limit               
000037a4  __TI_Handler_Table_Base        
000037b0  __TI_Handler_Table_Limit       
00003175  __TI_auto_init_nobinit_nopinit 
000032e5  __TI_cleanup                   
200011dc  __TI_cleanup_ptr               
00002881  __TI_closefile                 
00002b15  __TI_decompress_lzss           
000035f9  __TI_decompress_none           
00002f79  __TI_doflush                   
200011e0  __TI_dtors_ptr                 
200011e4  __TI_enable_exit_profile_output
200011cc  __TI_ft_end                    
00002ed3  __TI_ltoa                      
ffffffff  __TI_pprof_out_hndl            
0000026d  __TI_printfi                   
ffffffff  __TI_prof_data_size            
ffffffff  __TI_prof_data_start           
00003319  __TI_readmsg                   
00000000  __TI_static_base__             
2000131c  __TI_tmpnams                   
0000323d  __TI_writemsg                  
00002cad  __TI_wrt_ok                    
000034f9  __TI_zero_init_nomemset        
000026f9  __aeabi_cdcmpeq                
000026f9  __aeabi_cdcmple                
0000277f  __aeabi_cdrcmple               
000029d3  __aeabi_d2f                    
000030a5  __aeabi_d2iz                   
000017fb  __aeabi_dadd                   
00001c4d  __aeabi_ddiv                   
000021cd  __aeabi_dmul                   
000017f1  __aeabi_dsub                   
00003615  __aeabi_errno_addr             
00003275  __aeabi_f2d                    
000033e1  __aeabi_i2d                    
000019a7  __aeabi_idiv0                  
000019a7  __aeabi_ldiv0                  
00002805  __aeabi_memclr                 
00002805  __aeabi_memclr4                
00002805  __aeabi_memclr8                
0000253b  __aeabi_memcpy                 
0000253b  __aeabi_memcpy4                
0000253b  __aeabi_memcpy8                
00002807  __aeabi_memset                 
00002807  __aeabi_memset4                
00002807  __aeabi_memset8                
200011d8  __aeabi_stderr                 
200011d0  __aeabi_stdin                  
200011d4  __aeabi_stdout                 
000025d7  __aeabi_uldivmod               
ffffffff  __binit__                      
ffffffff  __c_args__                     
UNDEFED   __mpu_init                     
20000000  __stack                        
20000000  __start___llvm_prf_cnts        
20000000  __stop___llvm_prf_cnts         
0000334d  _c_int00_noargs                
00003634  _ctypes_                       
200010f0  _device                        
20001000  _ftable                        
200011e8  _lock                          
00000cbb  _nop                           
20001168  _stream                        
200013c8  _sys_memory                    
UNDEFED   _system_post_cinit             
0000362d  _system_pre_init               
200011ec  _unlock                        
00003631  abort                          
000020cd  aligned_alloc                  
00002fc5  atoi                           
00000dfb  autoDetectComponent            
ffffffff  binit                          
00002d71  close                          
0000354d  copysign                       
0000354d  copysignl                      
200011c4  elapsed_time                   
200011f8  errno                          
0000305d  exit                           
000033b1  finddevice                     
0000266d  fputc                          
00001ea9  fputs                          
000022c9  free                           
00002be5  frexp                          
00002be5  frexpl                         
00002c49  fseek                          
00000000  g_pfnVectors                   
00001aa5  getcUart0                      
000031b9  getdevice                      
00000d11  initComp                       
00000cbd  initHW                         
000035e9  initSystemClockTo40Mhz         
00000d93  initTimer                      
000019a9  initUart0                      
00001ab9  kbhitUart0                     
00001fbd  ldexp                          
00001fbd  ldexpl                         
00003465  lseek                          
00000f85  main                           
0000361d  malloc                         
200011c8  measurement_complete           
000020cd  memalign                       
00003531  memccpy                        
000034d9  memchr                         
0000253b  memcpy                         
0000280d  memset                         
200013bc  parmbuf                        
00002b7d  printf                         
0000266d  putc                           
00001a5d  putcUart0                      
00001a79  putsUart0                      
00003411  remove                         
00001fbd  scalbn                         
00001fbd  scalbnl                        
00001a31  setUart0BaudRate               
000023ad  setvbuf                        
00003011  snprintf                       
00003597  strchr                         
0000357f  strcmp                         
000035ad  strcpy                         
000035c1  strlen                         
000032ad  strncpy                        
00003411  unlink                         
000034b5  waitMicrosecond                
00000deb  waitSW1Press                   
000035d5  wcslen                         
0000348d  write                          


GLOBAL SYMBOLS: SORTED BY Symbol Address 

address   name                           
-------   ----                           
00000000  __TI_static_base__             
00000000  g_pfnVectors                   
00000010  __SYSMEM_SIZE                  
0000026d  __TI_printfi                   
00000cbb  _nop                           
00000cbd  initHW                         
00000d11  initComp                       
00000d93  initTimer                      
00000dc5  CompISR                        
00000deb  waitSW1Press                   
00000dfb  autoDetectComponent            
00000f85  main                           
00001000  __STACK_SIZE                   
000017f1  __aeabi_dsub                   
000017fb  __aeabi_dadd                   
000019a7  __aeabi_idiv0                  
000019a7  __aeabi_ldiv0                  
000019a9  initUart0                      
00001a31  setUart0BaudRate               
00001a5d  putcUart0                      
00001a79  putsUart0                      
00001aa5  getcUart0                      
00001ab9  kbhitUart0                     
00001c4d  __aeabi_ddiv                   
00001ea9  fputs                          
00001fbd  ldexp                          
00001fbd  ldexpl                         
00001fbd  scalbn                         
00001fbd  scalbnl                        
000020cd  aligned_alloc                  
000020cd  memalign                       
000021cd  __aeabi_dmul                   
000022c9  free                           
000023ad  setvbuf                        
0000253b  __aeabi_memcpy                 
0000253b  __aeabi_memcpy4                
0000253b  __aeabi_memcpy8                
0000253b  memcpy                         
000025d7  __aeabi_uldivmod               
0000266d  fputc                          
0000266d  putc                           
000026f9  __aeabi_cdcmpeq                
000026f9  __aeabi_cdcmple                
0000277f  __aeabi_cdrcmple               
00002805  __aeabi_memclr                 
00002805  __aeabi_memclr4                
00002805  __aeabi_memclr8                
00002807  __aeabi_memset                 
00002807  __aeabi_memset4                
00002807  __aeabi_memset8                
0000280d  memset                         
00002881  __TI_closefile                 
000029d3  __aeabi_d2f                    
00002a41  HOSTrename                     
00002aad  HOSTlseek                      
00002b15  __TI_decompress_lzss           
00002b7d  printf                         
00002be5  frexp                          
00002be5  frexpl                         
00002c49  fseek                          
00002cad  __TI_wrt_ok                    
00002d11  HOSTopen                       
00002d71  close                          
00002dcd  HOSTread                       
00002e25  HOSTwrite                      
00002ed3  __TI_ltoa                      
00002f79  __TI_doflush                   
00002fc5  atoi                           
00003011  snprintf                       
0000305d  exit                           
000030a5  __aeabi_d2iz                   
000030ed  HOSTclose                      
00003131  HOSTunlink                     
00003175  __TI_auto_init_nobinit_nopinit 
000031b9  getdevice                      
0000323d  __TI_writemsg                  
0000326b  C$$IO$$                        
00003275  __aeabi_f2d                    
000032ad  strncpy                        
000032e5  __TI_cleanup                   
00003319  __TI_readmsg                   
0000334d  _c_int00_noargs                
000033b1  finddevice                     
000033e1  __aeabi_i2d                    
00003411  remove                         
00003411  unlink                         
00003465  lseek                          
0000348d  write                          
000034b5  waitMicrosecond                
000034d9  memchr                         
000034f9  __TI_zero_init_nomemset        
00003531  memccpy                        
0000354d  copysign                       
0000354d  copysignl                      
0000357f  strcmp                         
00003597  strchr                         
000035ad  strcpy                         
000035c1  strlen                         
000035d5  wcslen                         
000035e9  initSystemClockTo40Mhz         
000035f9  __TI_decompress_none           
00003607  ResetISR                       
00003615  __aeabi_errno_addr             
0000361d  malloc                         
0000362d  _system_pre_init               
00003631  C$$EXIT                        
00003631  abort                          
00003634  _ctypes_                       
000037a4  __TI_Handler_Table_Base        
000037b0  __TI_Handler_Table_Limit       
000037b8  __TI_CINIT_Base                
000037c8  __TI_CINIT_Limit               
20000000  __stack                        
20000000  __start___llvm_prf_cnts        
20000000  __stop___llvm_prf_cnts         
20000200  __STACK_TOP                    
20001000  __STACK_END                    
20001000  _ftable                        
200010f0  _device                        
20001168  _stream                        
200011b8  R                              
200011bc  L                              
200011c0  C                              
200011c4  elapsed_time                   
200011c8  measurement_complete           
200011cc  __TI_ft_end                    
200011d0  __aeabi_stdin                  
200011d4  __aeabi_stdout                 
200011d8  __aeabi_stderr                 
200011dc  __TI_cleanup_ptr               
200011e0  __TI_dtors_ptr                 
200011e4  __TI_enable_exit_profile_output
200011e8  _lock                          
200011ec  _unlock                        
200011f8  errno                          
200011fc  __CIOBUF_                      
2000131c  __TI_tmpnams                   
200013bc  parmbuf                        
200013c8  _sys_memory                    
ffffffff  __TI_pprof_out_hndl            
ffffffff  __TI_prof_data_size            
ffffffff  __TI_prof_data_start           
ffffffff  __binit__                      
ffffffff  __c_args__                     
ffffffff  binit                          
UNDEFED   __mpu_init                     
UNDEFED   _system_post_cinit             

[147 symbols]
